Archive member included to satisfy reference by file (symbol)

E:/NXP/S32DS_ARM_v2.2/S32DS/build_tools/gcc_v6.3/gcc-6.3-arm32-eabi/arm-none-eabi/newlib/lib/thumb/v7e-m/fpv4-sp/hard\libc_nano.a(lib_a-exit.o)
                              E:/NXP/S32DS_ARM_v2.2/S32DS/build_tools/gcc_v6.3/gcc-6.3-arm32-eabi/arm-none-eabi/newlib/lib/thumb/v7e-m/fpv4-sp/hard/crt0.o (exit)
E:/NXP/S32DS_ARM_v2.2/S32DS/build_tools/gcc_v6.3/gcc-6.3-arm32-eabi/arm-none-eabi/newlib/lib/thumb/v7e-m/fpv4-sp/hard\libc_nano.a(lib_a-impure.o)
                              E:/NXP/S32DS_ARM_v2.2/S32DS/build_tools/gcc_v6.3/gcc-6.3-arm32-eabi/arm-none-eabi/newlib/lib/thumb/v7e-m/fpv4-sp/hard\libc_nano.a(lib_a-exit.o) (_global_impure_ptr)
E:/NXP/S32DS_ARM_v2.2/S32DS/build_tools/gcc_v6.3/gcc-6.3-arm32-eabi/arm-none-eabi/newlib/lib/thumb/v7e-m/fpv4-sp/hard\libc_nano.a(lib_a-init.o)
                              E:/NXP/S32DS_ARM_v2.2/S32DS/build_tools/gcc_v6.3/gcc-6.3-arm32-eabi/arm-none-eabi/newlib/lib/thumb/v7e-m/fpv4-sp/hard/crt0.o (__libc_init_array)
E:/NXP/S32DS_ARM_v2.2/S32DS/build_tools/gcc_v6.3/gcc-6.3-arm32-eabi/arm-none-eabi/newlib/lib/thumb/v7e-m/fpv4-sp/hard\libc_nano.a(lib_a-memcpy-stub.o)
                              ./SDK/rtos/FreeRTOS_S32K/Source/queue.o (memcpy)
E:/NXP/S32DS_ARM_v2.2/S32DS/build_tools/gcc_v6.3/gcc-6.3-arm32-eabi/arm-none-eabi/newlib/lib/thumb/v7e-m/fpv4-sp/hard\libc_nano.a(lib_a-memset.o)
                              E:/NXP/S32DS_ARM_v2.2/S32DS/build_tools/gcc_v6.3/gcc-6.3-arm32-eabi/arm-none-eabi/newlib/lib/thumb/v7e-m/fpv4-sp/hard/crt0.o (memset)
E:/NXP/S32DS_ARM_v2.2/S32DS/build_tools/gcc_v6.3/gcc-6.3-arm32-eabi/arm-none-eabi/newlib/lib/thumb/v7e-m/fpv4-sp/hard\libc_nano.a(lib_a-sprintf.o)
                              ./SDK/rtos/FreeRTOS_S32K/Source/tasks.o (sprintf)
E:/NXP/S32DS_ARM_v2.2/S32DS/build_tools/gcc_v6.3/gcc-6.3-arm32-eabi/arm-none-eabi/newlib/lib/thumb/v7e-m/fpv4-sp/hard\libc_nano.a(lib_a-strcpy.o)
                              ./SDK/rtos/FreeRTOS_S32K/Source/tasks.o (strcpy)
E:/NXP/S32DS_ARM_v2.2/S32DS/build_tools/gcc_v6.3/gcc-6.3-arm32-eabi/arm-none-eabi/newlib/lib/thumb/v7e-m/fpv4-sp/hard\libc_nano.a(lib_a-strlen.o)
                              ./SDK/rtos/FreeRTOS_S32K/Source/tasks.o (strlen)
E:/NXP/S32DS_ARM_v2.2/S32DS/build_tools/gcc_v6.3/gcc-6.3-arm32-eabi/arm-none-eabi/newlib/lib/thumb/v7e-m/fpv4-sp/hard\libc_nano.a(lib_a-vsprintf.o)
                              ./Sources/HardwareLib/LPUART.o (vsprintf)
E:/NXP/S32DS_ARM_v2.2/S32DS/build_tools/gcc_v6.3/gcc-6.3-arm32-eabi/arm-none-eabi/newlib/lib/thumb/v7e-m/fpv4-sp/hard\libc_nano.a(lib_a-nano-svfprintf.o)
                              E:/NXP/S32DS_ARM_v2.2/S32DS/build_tools/gcc_v6.3/gcc-6.3-arm32-eabi/arm-none-eabi/newlib/lib/thumb/v7e-m/fpv4-sp/hard\libc_nano.a(lib_a-sprintf.o) (_svfprintf_r)
E:/NXP/S32DS_ARM_v2.2/S32DS/build_tools/gcc_v6.3/gcc-6.3-arm32-eabi/arm-none-eabi/newlib/lib/thumb/v7e-m/fpv4-sp/hard\libc_nano.a(lib_a-nano-vfprintf_i.o)
                              E:/NXP/S32DS_ARM_v2.2/S32DS/build_tools/gcc_v6.3/gcc-6.3-arm32-eabi/arm-none-eabi/newlib/lib/thumb/v7e-m/fpv4-sp/hard\libc_nano.a(lib_a-nano-svfprintf.o) (_printf_i)
E:/NXP/S32DS_ARM_v2.2/S32DS/build_tools/gcc_v6.3/gcc-6.3-arm32-eabi/arm-none-eabi/newlib/lib/thumb/v7e-m/fpv4-sp/hard\libc_nano.a(lib_a-memchr.o)
                              E:/NXP/S32DS_ARM_v2.2/S32DS/build_tools/gcc_v6.3/gcc-6.3-arm32-eabi/arm-none-eabi/newlib/lib/thumb/v7e-m/fpv4-sp/hard\libc_nano.a(lib_a-nano-svfprintf.o) (memchr)
E:/NXP/S32DS_ARM_v2.2/S32DS/build_tools/gcc_v6.3/gcc-6.3-arm32-eabi/arm-none-eabi/newlib/lib/thumb/v7e-m/fpv4-sp/hard\libc_nano.a(lib_a-memmove.o)
                              E:/NXP/S32DS_ARM_v2.2/S32DS/build_tools/gcc_v6.3/gcc-6.3-arm32-eabi/arm-none-eabi/newlib/lib/thumb/v7e-m/fpv4-sp/hard\libc_nano.a(lib_a-nano-svfprintf.o) (memmove)
E:/NXP/S32DS_ARM_v2.2/S32DS/build_tools/gcc_v6.3/gcc-6.3-arm32-eabi/arm-none-eabi/newlib/lib/thumb/v7e-m/fpv4-sp/hard\libc_nano.a(lib_a-nano-freer.o)
                              E:/NXP/S32DS_ARM_v2.2/S32DS/build_tools/gcc_v6.3/gcc-6.3-arm32-eabi/arm-none-eabi/newlib/lib/thumb/v7e-m/fpv4-sp/hard\libc_nano.a(lib_a-nano-svfprintf.o) (_free_r)
E:/NXP/S32DS_ARM_v2.2/S32DS/build_tools/gcc_v6.3/gcc-6.3-arm32-eabi/arm-none-eabi/newlib/lib/thumb/v7e-m/fpv4-sp/hard\libc_nano.a(lib_a-nano-mallocr.o)
                              E:/NXP/S32DS_ARM_v2.2/S32DS/build_tools/gcc_v6.3/gcc-6.3-arm32-eabi/arm-none-eabi/newlib/lib/thumb/v7e-m/fpv4-sp/hard\libc_nano.a(lib_a-nano-svfprintf.o) (_malloc_r)
E:/NXP/S32DS_ARM_v2.2/S32DS/build_tools/gcc_v6.3/gcc-6.3-arm32-eabi/arm-none-eabi/newlib/lib/thumb/v7e-m/fpv4-sp/hard\libc_nano.a(lib_a-nano-reallocr.o)
                              E:/NXP/S32DS_ARM_v2.2/S32DS/build_tools/gcc_v6.3/gcc-6.3-arm32-eabi/arm-none-eabi/newlib/lib/thumb/v7e-m/fpv4-sp/hard\libc_nano.a(lib_a-nano-svfprintf.o) (_realloc_r)
[...]
Memory Configuration

Name             Origin             Length             Attributes
m_interrupts     0x00009000         0x00000400         xr
m_flash_config   0x00009400         0x00000010         xr
m_text           0x00009410         0x0003fbf0         xr
m_data           0x1fff8000         0x00008000         rw
m_data_2         0x20000000         0x00007000         rw
*default*        0x00000000         0xffffffff

Linker script and memory map

LOAD e:/nxp/s32ds_arm_v2.2/s32ds/build_tools/gcc_v6.3/gcc-6.3-arm32-eabi/bin/../lib/gcc/arm-none-eabi/6.3.1/thumb/v7e-m/fpv4-sp/hard/crti.o
LOAD e:/nxp/s32ds_arm_v2.2/s32ds/build_tools/gcc_v6.3/gcc-6.3-arm32-eabi/bin/../lib/gcc/arm-none-eabi/6.3.1/thumb/v7e-m/fpv4-sp/hard/crtbegin.o
LOAD E:/NXP/S32DS_ARM_v2.2/S32DS/build_tools/gcc_v6.3/gcc-6.3-arm32-eabi/arm-none-eabi/newlib/lib/thumb/v7e-m/fpv4-sp/hard/crt0.o
LOAD ./Generated_Code/Cpu.o
LOAD ./Generated_Code/Flash1.o
LOAD ./Generated_Code/clockMan1.o
LOAD ./Generated_Code/pin_mux.o
LOAD ./Generated_Code/pwrMan1.o
LOAD ./Project_Settings/Startup_Code/startup_S32K144.o
LOAD ./SDK/platform/devices/S32K144/startup/system_S32K144.o
LOAD ./SDK/platform/devices/startup.o
LOAD ./SDK/platform/drivers/src/clock/S32K1xx/clock_S32K1xx.o
LOAD ./SDK/platform/drivers/src/flash/flash_driver.o
LOAD ./SDK/platform/drivers/src/interrupt/interrupt_manager.o
LOAD ./SDK/platform/drivers/src/pins/pins_driver.o
LOAD ./SDK/platform/drivers/src/pins/pins_port_hw_access.o
LOAD ./SDK/platform/drivers/src/power/S32K1xx/power_manager_S32K1xx.o
LOAD ./SDK/platform/drivers/src/power/S32K1xx/power_smc_hw_access.o
LOAD ./SDK/platform/drivers/src/power/power_manager.o
LOAD ./SDK/rtos/FreeRTOS_S32K/Source/croutine.o
LOAD ./SDK/rtos/FreeRTOS_S32K/Source/event_groups.o
LOAD ./SDK/rtos/FreeRTOS_S32K/Source/list.o
LOAD ./SDK/rtos/FreeRTOS_S32K/Source/queue.o
LOAD ./SDK/rtos/FreeRTOS_S32K/Source/stream_buffer.o
LOAD ./SDK/rtos/FreeRTOS_S32K/Source/tasks.o
LOAD ./SDK/rtos/FreeRTOS_S32K/Source/timers.o
LOAD ./SDK/rtos/FreeRTOS_S32K/Source/portable/GCC/ARM_CM4F/port.o
LOAD ./SDK/rtos/FreeRTOS_S32K/Source/portable/MemMang/heap_4.o
LOAD ./Sources/HardwareLib/FlashWriteRead.o
LOAD ./Sources/HardwareLib/GPIO_init.o
LOAD ./Sources/HardwareLib/LPTMR.o
LOAD ./Sources/HardwareLib/LPUART.o
LOAD ./Sources/HardwareLib/LP_IT_timer.o
LOAD ./Sources/HardwareLib/OLED_FONT.o
LOAD ./Sources/HardwareLib/PowerSwitch.o
LOAD ./Sources/HardwareLib/RGB_LED.o
LOAD ./Sources/HardwareLib/SPI_OLED.o
LOAD ./Sources/HardwareLib/Ymodem.o
LOAD ./Sources/HardwareLib/latency.o
LOAD ./Sources/RTOS_Task.o
LOAD ./Sources/main.o
START GROUP
LOAD e:/nxp/s32ds_arm_v2.2/s32ds/build_tools/gcc_v6.3/gcc-6.3-arm32-eabi/bin/../lib/gcc/arm-none-eabi/6.3.1/thumb/v7e-m/fpv4-sp/hard\libgcc.a
LOAD E:/NXP/S32DS_ARM_v2.2/S32DS/build_tools/gcc_v6.3/gcc-6.3-arm32-eabi/arm-none-eabi/newlib/lib/thumb/v7e-m/fpv4-sp/hard\libc_nano.a
END GROUP
START GROUP
LOAD e:/nxp/s32ds_arm_v2.2/s32ds/build_tools/gcc_v6.3/gcc-6.3-arm32-eabi/bin/../lib/gcc/arm-none-eabi/6.3.1/thumb/v7e-m/fpv4-sp/hard\libgcc.a
LOAD E:/NXP/S32DS_ARM_v2.2/S32DS/build_tools/gcc_v6.3/gcc-6.3-arm32-eabi/arm-none-eabi/newlib/lib/thumb/v7e-m/fpv4-sp/hard\libc_nano.a
LOAD E:/NXP/S32DS_ARM_v2.2/S32DS/build_tools/gcc_v6.3/gcc-6.3-arm32-eabi/arm-none-eabi/newlib/lib/thumb/v7e-m/fpv4-sp/hard\libnosys.a
END GROUP
START GROUP
LOAD e:/nxp/s32ds_arm_v2.2/s32ds/build_tools/gcc_v6.3/gcc-6.3-arm32-eabi/bin/../lib/gcc/arm-none-eabi/6.3.1/thumb/v7e-m/fpv4-sp/hard\libgcc.a
LOAD E:/NXP/S32DS_ARM_v2.2/S32DS/build_tools/gcc_v6.3/gcc-6.3-arm32-eabi/arm-none-eabi/newlib/lib/thumb/v7e-m/fpv4-sp/hard\libc_nano.a
LOAD E:/NXP/S32DS_ARM_v2.2/S32DS/build_tools/gcc_v6.3/gcc-6.3-arm32-eabi/arm-none-eabi/newlib/lib/thumb/v7e-m/fpv4-sp/hard\libnosys.a
END GROUP
LOAD e:/nxp/s32ds_arm_v2.2/s32ds/build_tools/gcc_v6.3/gcc-6.3-arm32-eabi/bin/../lib/gcc/arm-none-eabi/6.3.1/thumb/v7e-m/fpv4-sp/hard/crtend.o
LOAD e:/nxp/s32ds_arm_v2.2/s32ds/build_tools/gcc_v6.3/gcc-6.3-arm32-eabi/bin/../lib/gcc/arm-none-eabi/6.3.1/thumb/v7e-m/fpv4-sp/hard/crtn.o
                0x00000400                HEAP_SIZE = DEFINED (__heap_size__)?__heap_size__:0x400
                0x00000400                STACK_SIZE = DEFINED (__stack_size__)?__stack_size__:0x400
                0x00000400                M_VECTOR_RAM_SIZE = DEFINED (__flash_vector_table__)?0x0:0x400

.interrupts     0x00009000      0x400
                0x00009000                __VECTOR_TABLE = .
                0x00009000                __interrupts_start__ = .
                0x00009000                . = ALIGN (0x4)
 *(.isr_vector)
 .isr_vector    0x00009000      0x400 ./Project_Settings/Startup_Code/startup_S32K144.o
                0x00009000                __isr_vector
                0x00009400                __interrupts_end__ = .
                0x00009400                . = ALIGN (0x4)

.flash_config   0x00009400       0x10
                0x00009400                . = ALIGN (0x4)
 *(.FlashConfig)
 .FlashConfig   0x00009400       0x10 ./Project_Settings/Startup_Code/startup_S32K144.o
                0x00009410                . = ALIGN (0x4)

.text           0x00009410     0x5e08
                0x00009410                . = ALIGN (0x4)
 *(.text)
 .text          0x00009410       0x4c ./Project_Settings/Startup_Code/startup_S32K144.o
                0x00009410                Reset_Handler
                0x00009458                DebugMon_Handler
                0x00009458                Reserved88_IRQHandler
                0x00009458                CAN0_ORed_IRQHandler
                0x00009458                HardFault_Handler
                0x00009458                Reserved86_IRQHandler
                0x00009458                Reserved103_IRQHandler
                0x00009458                FTM2_Ovf_Reload_IRQHandler
                0x00009458                Reserved50_IRQHandler
                0x00009458                FTFC_Fault_IRQHandler
                0x00009458                FTM0_Ch6_Ch7_IRQHandler
                0x00009458                Reserved114_IRQHandler
                0x00009458                NMI_Handler
                0x00009458                Reserved89_IRQHandler
                0x00009458                ERM_double_fault_IRQHandler
                0x00009458                DMA2_IRQHandler
                0x00009458                Reserved59_IRQHandler
                0x00009458                Reserved99_IRQHandler
                0x00009458                FTM3_Ch6_Ch7_IRQHandler
                0x00009458                CAN2_ORed_0_15_MB_IRQHandler
                0x00009458                LPIT0_Ch3_IRQHandler
                0x00009458                Reserved92_IRQHandler
                0x00009458                FTM0_Ch4_Ch5_IRQHandler
                0x00009458                CAN1_Error_IRQHandler
                0x00009458                FTM3_Ch0_Ch1_IRQHandler
                0x00009458                SWI_IRQHandler
                0x00009458                ADC0_IRQHandler
                0x00009458                FTM2_Ch4_Ch5_IRQHandler
                0x00009458                UsageFault_Handler
                0x00009458                FTM0_Ovf_Reload_IRQHandler
                0x00009458                DefaultISR
                0x00009458                DMA9_IRQHandler
                0x00009458                Reserved58_IRQHandler
                0x00009458                CAN1_ORed_0_15_MB_IRQHandler
                0x00009458                FTM1_Ch2_Ch3_IRQHandler
                0x00009458                DMA14_IRQHandler
                0x00009458                Reserved82_IRQHandler
                0x00009458                CAN0_ORed_16_31_MB_IRQHandler
                0x00009458                LPI2C0_Slave_IRQHandler
                0x00009458                Reserved71_IRQHandler
                0x00009458                PORTD_IRQHandler
                0x00009458                Reserved69_IRQHandler
                0x00009458                PORTB_IRQHandler
                0x00009458                Reserved70_IRQHandler
                0x00009458                ADC1_IRQHandler
                0x00009458                FTM2_Ch2_Ch3_IRQHandler
                0x00009458                Reserved53_IRQHandler
                0x00009458                DMA5_IRQHandler
                0x00009458                RTC_IRQHandler
                0x00009458                PDB0_IRQHandler
                0x00009458                Reserved54_IRQHandler
                0x00009458                FTM2_Ch6_Ch7_IRQHandler
                0x00009458                FTM3_Ch2_Ch3_IRQHandler
                0x00009458                FTM2_Ch0_Ch1_IRQHandler
                0x00009458                LPSPI1_IRQHandler
                0x00009458                RTC_Seconds_IRQHandler
                0x00009458                CAN2_ORed_IRQHandler
                0x00009458                Reserved72_IRQHandler
                0x00009458                Reserved110_IRQHandler
                0x00009458                DMA11_IRQHandler
                0x00009458                Reserved107_IRQHandler
                0x00009458                Read_Collision_IRQHandler
                0x00009458                CAN2_Error_IRQHandler
                0x00009458                FTFC_IRQHandler
                0x00009458                DMA7_IRQHandler
                0x00009458                FTM1_Ch6_Ch7_IRQHandler
                0x00009458                Reserved105_IRQHandler
                0x00009458                LPIT0_Ch1_IRQHandler
                0x00009458                FTM1_Ch4_Ch5_IRQHandler
                0x00009458                FTM3_Ovf_Reload_IRQHandler
                0x00009458                LPUART2_RxTx_IRQHandler
                0x00009458                LPSPI0_IRQHandler
                0x00009458                WDOG_EWM_IRQHandler
                0x00009458                MemManage_Handler
                0x00009458                Reserved90_IRQHandler
                0x00009458                Reserved83_IRQHandler
                0x00009458                FTM0_Fault_IRQHandler
                0x00009458                Reserved48_IRQHandler
                0x00009458                ERM_single_fault_IRQHandler
                0x00009458                FTM2_Fault_IRQHandler
                0x00009458                FTM0_Ch2_Ch3_IRQHandler
                0x00009458                DMA13_IRQHandler
                0x00009458                FTM0_Ch0_Ch1_IRQHandler
                0x00009458                FTM3_Fault_IRQHandler
                0x00009458                RCM_IRQHandler
                0x00009458                DMA3_IRQHandler
                0x00009458                Reserved100_IRQHandler
                0x00009458                DMA0_IRQHandler
                0x00009458                Reserved91_IRQHandler
                0x00009458                CAN1_ORed_IRQHandler
                0x00009458                DMA15_IRQHandler
                0x00009458                SCG_IRQHandler
                0x00009458                PDB1_IRQHandler
                0x00009458                Reserved81_IRQHandler
                0x00009458                Reserved46_IRQHandler
                0x00009458                Reserved45_IRQHandler
                0x00009458                CAN0_Error_IRQHandler
                0x00009458                Reserved112_IRQHandler
                0x00009458                LPI2C0_Master_IRQHandler
                0x00009458                DMA4_IRQHandler
                0x00009458                FTM1_Fault_IRQHandler
                0x00009458                Reserved106_IRQHandler
                0x00009458                DMA_Error_IRQHandler
                0x00009458                LVD_LVW_IRQHandler
                0x00009458                LPIT0_Ch2_IRQHandler
                0x00009458                PORTA_IRQHandler
                0x00009458                MCM_IRQHandler
                0x00009458                LPSPI2_IRQHandler
                0x00009458                DMA12_IRQHandler
                0x00009458                FTM3_Ch4_Ch5_IRQHandler
                0x00009458                CAN0_ORed_0_15_MB_IRQHandler
                0x00009458                PORTE_IRQHandler
                0x00009458                LPUART0_RxTx_IRQHandler
                0x00009458                BusFault_Handler
                0x00009458                Reserved87_IRQHandler
                0x00009458                FTM1_Ovf_Reload_IRQHandler
                0x00009458                DMA8_IRQHandler
                0x00009458                Reserved93_IRQHandler
                0x00009458                DMA10_IRQHandler
                0x00009458                CAN0_Wake_Up_IRQHandler
                0x00009458                CMP0_IRQHandler
                0x00009458                Reserved52_IRQHandler
                0x00009458                DMA6_IRQHandler
                0x00009458                FTM1_Ch0_Ch1_IRQHandler
                0x00009458                FLEXIO_IRQHandler
                0x00009458                DMA1_IRQHandler
                0x00009458                Reserved113_IRQHandler
 .text          0x0000945c       0x10 E:/NXP/S32DS_ARM_v2.2/S32DS/build_tools/gcc_v6.3/gcc-6.3-arm32-eabi/arm-none-eabi/newlib/lib/thumb/v7e-m/fpv4-sp/hard\libc_nano.a(lib_a-strlen.o)
                0x0000945c                strlen
 *fill*         0x0000946c        0x4 
 .text          0x00009470       0xa0 E:/NXP/S32DS_ARM_v2.2/S32DS/build_tools/gcc_v6.3/gcc-6.3-arm32-eabi/arm-none-eabi/newlib/lib/thumb/v7e-m/fpv4-sp/hard\libc_nano.a(lib_a-memchr.o)
                0x00009470                memchr
 *(.text*)
 .text.SystemInit
                0x00009510       0x3c ./SDK/platform/devices/S32K144/startup/system_S32K144.o
                0x00009510                SystemInit
 .text.init_data_bss
                0x0000954c       0xd8 ./SDK/platform/devices/startup.o
                0x0000954c                init_data_bss
 .text.CLOCK_SYS_GetCurrentRunMode
                0x00009624       0x24 ./SDK/platform/drivers/src/clock/S32K1xx/clock_S32K1xx.o
 .text.CLOCK_SYS_GetSysOscFreq
                0x00009648       0x1c ./SDK/platform/drivers/src/clock/S32K1xx/clock_S32K1xx.o
 .text.CLOCK_SYS_ConfigureSOSC
                0x00009664      0x12c ./SDK/platform/drivers/src/clock/S32K1xx/clock_S32K1xx.o
 .text.CLOCK_SYS_GetSircFreq
                0x00009790       0x2c ./SDK/platform/drivers/src/clock/S32K1xx/clock_S32K1xx.o
 .text.CLOCK_SYS_ConfigureSIRC
                0x000097bc       0xc4 ./SDK/platform/drivers/src/clock/S32K1xx/clock_S32K1xx.o
 .text.CLOCK_SYS_GetFircFreq
                0x00009880       0x20 ./SDK/platform/drivers/src/clock/S32K1xx/clock_S32K1xx.o
 .text.CLOCK_SYS_ConfigureFIRC
                0x000098a0       0xb4 ./SDK/platform/drivers/src/clock/S32K1xx/clock_S32K1xx.o
 .text.CLOCK_SYS_GetSysPllFreq
                0x00009954       0x44 ./SDK/platform/drivers/src/clock/S32K1xx/clock_S32K1xx.o
 .text.CLOCK_SYS_ConfigureSPLL
                0x00009998      0x104 ./SDK/platform/drivers/src/clock/S32K1xx/clock_S32K1xx.o
 .text.CLOCK_SYS_SetSystemClockConfig
                0x00009a9c      0x1e4 ./SDK/platform/drivers/src/clock/S32K1xx/clock_S32K1xx.o
 .text.CLOCK_SYS_TransitionSystemClock
                0x00009c80       0x3c ./SDK/platform/drivers/src/clock/S32K1xx/clock_S32K1xx.o
 .text.CLOCK_DRV_Init
                0x00009cbc      0x598 ./SDK/platform/drivers/src/clock/S32K1xx/clock_S32K1xx.o
                0x00009cbc                CLOCK_DRV_Init
 .text.FLASH_DRV_Init
                0x0000a254       0xcc ./SDK/platform/drivers/src/flash/flash_driver.o
                0x0000a254                FLASH_DRV_Init
 .text.POWER_SYS_DoInit
                0x0000a320       0xa4 ./SDK/platform/drivers/src/power/S32K1xx/power_manager_S32K1xx.o
                0x0000a320                POWER_SYS_DoInit
 .text.SMC_SetProtectionMode
                0x0000a3c4       0x16 ./SDK/platform/drivers/src/power/S32K1xx/power_smc_hw_access.o
                0x0000a3c4                SMC_SetProtectionMode
 *fill*         0x0000a3da        0x2 
 .text.POWER_SYS_Init
                0x0000a3dc       0x2c ./SDK/platform/drivers/src/power/power_manager.o
                0x0000a3dc                POWER_SYS_Init
 .text.vListInitialise
                0x0000a408       0x16 ./SDK/rtos/FreeRTOS_S32K/Source/list.o
                0x0000a408                vListInitialise
 .text.vListInitialiseItem
                0x0000a41e        0x6 ./SDK/rtos/FreeRTOS_S32K/Source/list.o
                0x0000a41e                vListInitialiseItem
 .text.vListInsertEnd
                0x0000a424       0x18 ./SDK/rtos/FreeRTOS_S32K/Source/list.o
                0x0000a424                vListInsertEnd
 .text.vListInsert
                0x0000a43c       0x34 ./SDK/rtos/FreeRTOS_S32K/Source/list.o
                0x0000a43c                vListInsert
 .text.uxListRemove
                0x0000a470       0x26 ./SDK/rtos/FreeRTOS_S32K/Source/list.o
                0x0000a470                uxListRemove
 .text.prvIsQueueEmpty
                0x0000a496       0x16 ./SDK/rtos/FreeRTOS_S32K/Source/queue.o
 .text.prvCopyDataToQueue
                0x0000a4ac       0x76 ./SDK/rtos/FreeRTOS_S32K/Source/queue.o
 .text.prvCopyDataFromQueue
                0x0000a522       0x24 ./SDK/rtos/FreeRTOS_S32K/Source/queue.o
 .text.prvUnlockQueue
                0x0000a546       0x82 ./SDK/rtos/FreeRTOS_S32K/Source/queue.o
 .text.xQueueGenericReset
                0x0000a5c8       0x80 ./SDK/rtos/FreeRTOS_S32K/Source/queue.o
                0x0000a5c8                xQueueGenericReset
 .text.xQueueGenericCreate
                0x0000a648       0x4a ./SDK/rtos/FreeRTOS_S32K/Source/queue.o
                0x0000a648                xQueueGenericCreate
 .text.xQueueCreateCountingSemaphore
                0x0000a692       0x40 ./SDK/rtos/FreeRTOS_S32K/Source/queue.o
                0x0000a692                xQueueCreateCountingSemaphore
 *fill*         0x0000a6d2        0x2 
 .text.xQueueGenericSend
                0x0000a6d4      0x188 ./SDK/rtos/FreeRTOS_S32K/Source/queue.o
                0x0000a6d4                xQueueGenericSend
 .text.xQueueGenericSendFromISR
                0x0000a85c       0xd6 ./SDK/rtos/FreeRTOS_S32K/Source/queue.o
                0x0000a85c                xQueueGenericSendFromISR
 .text.xQueueGiveFromISR
                0x0000a932       0xb2 ./SDK/rtos/FreeRTOS_S32K/Source/queue.o
                0x0000a932                xQueueGiveFromISR
 .text.xQueueReceive
                0x0000a9e4      0x158 ./SDK/rtos/FreeRTOS_S32K/Source/queue.o
                0x0000a9e4                xQueueReceive
 .text.xQueueSemaphoreTake
                0x0000ab3c      0x1a8 ./SDK/rtos/FreeRTOS_S32K/Source/queue.o
                0x0000ab3c                xQueueSemaphoreTake
 .text.vQueueWaitForMessageRestricted
                0x0000ace4       0x4e ./SDK/rtos/FreeRTOS_S32K/Source/queue.o
                0x0000ace4                vQueueWaitForMessageRestricted
 *fill*         0x0000ad32        0x2 
 .text.prvResetNextTaskUnblockTime
                0x0000ad34       0x2c ./SDK/rtos/FreeRTOS_S32K/Source/tasks.o
 .text.prvIdleTask
                0x0000ad60       0x70 ./SDK/rtos/FreeRTOS_S32K/Source/tasks.o
 .text.prvAddCurrentTaskToDelayedList
                0x0000add0       0xa0 ./SDK/rtos/FreeRTOS_S32K/Source/tasks.o
 .text.xTaskCreate
                0x0000ae70      0x1d0 ./SDK/rtos/FreeRTOS_S32K/Source/tasks.o
                0x0000ae70                xTaskCreate
 .text.vTaskDelete
                0x0000b040       0xe4 ./SDK/rtos/FreeRTOS_S32K/Source/tasks.o
                0x0000b040                vTaskDelete
 .text.vTaskStartScheduler
                0x0000b124       0x8c ./SDK/rtos/FreeRTOS_S32K/Source/tasks.o
                0x0000b124                vTaskStartScheduler
 .text.vTaskSuspendAll
                0x0000b1b0       0x10 ./SDK/rtos/FreeRTOS_S32K/Source/tasks.o
                0x0000b1b0                vTaskSuspendAll
 .text.xTaskGetTickCount
                0x0000b1c0        0xc ./SDK/rtos/FreeRTOS_S32K/Source/tasks.o
                0x0000b1c0                xTaskGetTickCount
 .text.xTaskIncrementTick
                0x0000b1cc      0x128 ./SDK/rtos/FreeRTOS_S32K/Source/tasks.o
                0x0000b1cc                xTaskIncrementTick
 .text.xTaskResumeAll
                0x0000b2f4      0x100 ./SDK/rtos/FreeRTOS_S32K/Source/tasks.o
                0x0000b2f4                xTaskResumeAll
 .text.vTaskDelay
                0x0000b3f4       0x4c ./SDK/rtos/FreeRTOS_S32K/Source/tasks.o
                0x0000b3f4                vTaskDelay
 .text.vTaskSwitchContext
                0x0000b440       0xb8 ./SDK/rtos/FreeRTOS_S32K/Source/tasks.o
                0x0000b440                vTaskSwitchContext
 .text.vTaskPlaceOnEventList
                0x0000b4f8       0x30 ./SDK/rtos/FreeRTOS_S32K/Source/tasks.o
                0x0000b4f8                vTaskPlaceOnEventList
 .text.vTaskPlaceOnEventListRestricted
                0x0000b528       0x3c ./SDK/rtos/FreeRTOS_S32K/Source/tasks.o
                0x0000b528                vTaskPlaceOnEventListRestricted
 .text.xTaskRemoveFromEventList
                0x0000b564       0x88 ./SDK/rtos/FreeRTOS_S32K/Source/tasks.o
                0x0000b564                xTaskRemoveFromEventList
 .text.vTaskInternalSetTimeOutState
                0x0000b5ec       0x18 ./SDK/rtos/FreeRTOS_S32K/Source/tasks.o
                0x0000b5ec                vTaskInternalSetTimeOutState
 .text.xTaskCheckForTimeOut
                0x0000b604       0x9c ./SDK/rtos/FreeRTOS_S32K/Source/tasks.o
                0x0000b604                xTaskCheckForTimeOut
 .text.vTaskMissedYield
                0x0000b6a0        0xc ./SDK/rtos/FreeRTOS_S32K/Source/tasks.o
                0x0000b6a0                vTaskMissedYield
 .text.xTaskGetSchedulerState
                0x0000b6ac       0x20 ./SDK/rtos/FreeRTOS_S32K/Source/tasks.o
                0x0000b6ac                xTaskGetSchedulerState
 .text.xTaskPriorityInherit
                0x0000b6cc       0xb8 ./SDK/rtos/FreeRTOS_S32K/Source/tasks.o
                0x0000b6cc                xTaskPriorityInherit
 .text.xTaskPriorityDisinherit
                0x0000b784       0xb0 ./SDK/rtos/FreeRTOS_S32K/Source/tasks.o
                0x0000b784                xTaskPriorityDisinherit
 .text.vTaskPriorityDisinheritAfterTimeout
                0x0000b834       0xc0 ./SDK/rtos/FreeRTOS_S32K/Source/tasks.o
                0x0000b834                vTaskPriorityDisinheritAfterTimeout
 .text.pvTaskIncrementMutexHeldCount
                0x0000b8f4       0x1c ./SDK/rtos/FreeRTOS_S32K/Source/tasks.o
                0x0000b8f4                pvTaskIncrementMutexHeldCount
 .text.prvInsertTimerInActiveList
                0x0000b910       0x48 ./SDK/rtos/FreeRTOS_S32K/Source/timers.o
 .text.prvCheckForValidListAndQueue
                0x0000b958       0x50 ./SDK/rtos/FreeRTOS_S32K/Source/timers.o
 .text.xTimerCreateTimerTask
                0x0000b9a8       0x4c ./SDK/rtos/FreeRTOS_S32K/Source/timers.o
                0x0000b9a8                xTimerCreateTimerTask
 .text.xTimerGenericCommand
                0x0000b9f4       0x60 ./SDK/rtos/FreeRTOS_S32K/Source/timers.o
                0x0000b9f4                xTimerGenericCommand
 .text.prvSampleTimeNow
                0x0000ba54       0xa8 ./SDK/rtos/FreeRTOS_S32K/Source/timers.o
 .text.prvTimerTask
                0x0000bafc      0x1c8 ./SDK/rtos/FreeRTOS_S32K/Source/timers.o
 .text.prvTaskExitError
                0x0000bcc4       0x40 ./SDK/rtos/FreeRTOS_S32K/Source/portable/GCC/ARM_CM4F/port.o
 .text.prvPortStartFirstTask
                0x0000bd04       0x28 ./SDK/rtos/FreeRTOS_S32K/Source/portable/GCC/ARM_CM4F/port.o
 .text.vPortEnableVFP
                0x0000bd2c       0x14 ./SDK/rtos/FreeRTOS_S32K/Source/portable/GCC/ARM_CM4F/port.o
 .text.pxPortInitialiseStack
                0x0000bd40       0x2c ./SDK/rtos/FreeRTOS_S32K/Source/portable/GCC/ARM_CM4F/port.o
                0x0000bd40                pxPortInitialiseStack
 *fill*         0x0000bd6c        0x4 
 .text.SVC_Handler
                0x0000bd70       0x24 ./SDK/rtos/FreeRTOS_S32K/Source/portable/GCC/ARM_CM4F/port.o
                0x0000bd70                SVC_Handler
 .text.vPortEnterCritical
                0x0000bd94       0x44 ./SDK/rtos/FreeRTOS_S32K/Source/portable/GCC/ARM_CM4F/port.o
                0x0000bd94                vPortEnterCritical
 .text.vPortExitCritical
                0x0000bdd8       0x2c ./SDK/rtos/FreeRTOS_S32K/Source/portable/GCC/ARM_CM4F/port.o
                0x0000bdd8                vPortExitCritical
 *fill*         0x0000be04        0xc 
 .text.PendSV_Handler
                0x0000be10       0x64 ./SDK/rtos/FreeRTOS_S32K/Source/portable/GCC/ARM_CM4F/port.o
                0x0000be10                PendSV_Handler
 .text.SysTick_Handler
                0x0000be74       0x2c ./SDK/rtos/FreeRTOS_S32K/Source/portable/GCC/ARM_CM4F/port.o
                0x0000be74                SysTick_Handler
 .text.vPortSetupTimerInterrupt
                0x0000bea0       0x28 ./SDK/rtos/FreeRTOS_S32K/Source/portable/GCC/ARM_CM4F/port.o
                0x0000bea0                vPortSetupTimerInterrupt
 .text.xPortStartScheduler
                0x0000bec8      0x118 ./SDK/rtos/FreeRTOS_S32K/Source/portable/GCC/ARM_CM4F/port.o
                0x0000bec8                xPortStartScheduler
 .text.vPortValidateInterruptPriority
                0x0000bfe0       0x5c ./SDK/rtos/FreeRTOS_S32K/Source/portable/GCC/ARM_CM4F/port.o
                0x0000bfe0                vPortValidateInterruptPriority
 .text.prvInsertBlockIntoFreeList
                0x0000c03c       0x58 ./SDK/rtos/FreeRTOS_S32K/Source/portable/MemMang/heap_4.o
 .text.pvPortMalloc
                0x0000c094      0x134 ./SDK/rtos/FreeRTOS_S32K/Source/portable/MemMang/heap_4.o
                0x0000c094                pvPortMalloc
 .text.vPortFree
                0x0000c1c8       0x6c ./SDK/rtos/FreeRTOS_S32K/Source/portable/MemMang/heap_4.o
                0x0000c1c8                vPortFree
 .text.xPortGetMinimumEverFreeHeapSize
                0x0000c234        0xc ./SDK/rtos/FreeRTOS_S32K/Source/portable/MemMang/heap_4.o
                0x0000c234                xPortGetMinimumEverFreeHeapSize
 .text.LPTMR_init
                0x0000c240       0x64 ./Sources/HardwareLib/LPTMR.o
                0x0000c240                LPTMR_init
 .text.LPTMR0_IRQHandler
                0x0000c2a4       0x44 ./Sources/HardwareLib/LPTMR.o
                0x0000c2a4                LPTMR0_IRQHandler
 .text.LPUART1_transmit_char
                0x0000c2e8       0x18 ./Sources/HardwareLib/LPUART.o
                0x0000c2e8                LPUART1_transmit_char
 .text.LPUART1_transmit_string
                0x0000c300       0x1c ./Sources/HardwareLib/LPUART.o
                0x0000c300                LPUART1_transmit_string
 .text.LPUART1_printf
                0x0000c31c       0x2c ./Sources/HardwareLib/LPUART.o
                0x0000c31c                LPUART1_printf
 .text.LPUART1_init
                0x0000c348       0xb4 ./Sources/HardwareLib/LPUART.o
                0x0000c348                LPUART1_init
 .text.LPUART1_RxTx_IRQHandler
                0x0000c3fc       0x64 ./Sources/HardwareLib/LPUART.o
                0x0000c3fc                LPUART1_RxTx_IRQHandler
 .text.LPIT0_init
                0x0000c460       0x4c ./Sources/HardwareLib/LP_IT_timer.o
                0x0000c460                LPIT0_init
 .text.LPIT0_Ch0_IRQHandler
                0x0000c4ac       0x1c ./Sources/HardwareLib/LP_IT_timer.o
                0x0000c4ac                LPIT0_Ch0_IRQHandler
 .text.Power_Man_Init
                0x0000c4c8       0x1c ./Sources/HardwareLib/PowerSwitch.o
                0x0000c4c8                Power_Man_Init
 .text.RGB_LED_KEY_init
                0x0000c4e4       0xa4 ./Sources/HardwareLib/RGB_LED.o
                0x0000c4e4                RGB_LED_KEY_init
 .text.SW2_key  0x0000c588       0x10 ./Sources/HardwareLib/RGB_LED.o
                0x0000c588                SW2_key
 .text.SW3_key  0x0000c598       0x10 ./Sources/HardwareLib/RGB_LED.o
                0x0000c598                SW3_key
 .text.PORTC_IRQHandler
                0x0000c5a8       0x40 ./Sources/HardwareLib/RGB_LED.o
                0x0000c5a8                PORTC_IRQHandler
 .text.SPI_OLED_SCLK_Clr
                0x0000c5e8       0x10 ./Sources/HardwareLib/SPI_OLED.o
                0x0000c5e8                SPI_OLED_SCLK_Clr
 .text.SPI_OLED_SCLK_Set
                0x0000c5f8       0x10 ./Sources/HardwareLib/SPI_OLED.o
                0x0000c5f8                SPI_OLED_SCLK_Set
 .text.SPI_OLED_SDIN_Clr
                0x0000c608       0x10 ./Sources/HardwareLib/SPI_OLED.o
                0x0000c608                SPI_OLED_SDIN_Clr
 .text.SPI_OLED_SDIN_Set
                0x0000c618       0x10 ./Sources/HardwareLib/SPI_OLED.o
                0x0000c618                SPI_OLED_SDIN_Set
 .text.SPI_OLED_RST_Clr
                0x0000c628       0x10 ./Sources/HardwareLib/SPI_OLED.o
                0x0000c628                SPI_OLED_RST_Clr
 .text.SPI_OLED_RST_Set
                0x0000c638       0x10 ./Sources/HardwareLib/SPI_OLED.o
                0x0000c638                SPI_OLED_RST_Set
 .text.SPI_OLED_DC_Clr
                0x0000c648       0x10 ./Sources/HardwareLib/SPI_OLED.o
                0x0000c648                SPI_OLED_DC_Clr
 .text.SPI_OLED_DC_Set
                0x0000c658       0x10 ./Sources/HardwareLib/SPI_OLED.o
                0x0000c658                SPI_OLED_DC_Set
 .text.SPI_OLED_CS_Clr
                0x0000c668       0x10 ./Sources/HardwareLib/SPI_OLED.o
                0x0000c668                SPI_OLED_CS_Clr
 .text.SPI_OLED_CS_Set
                0x0000c678       0x10 ./Sources/HardwareLib/SPI_OLED.o
                0x0000c678                SPI_OLED_CS_Set
 .text.SPI_IO_Init
                0x0000c688       0x78 ./Sources/HardwareLib/SPI_OLED.o
                0x0000c688                SPI_IO_Init
 .text.SPI_OLED_Write_Byte
                0x0000c700       0x46 ./Sources/HardwareLib/SPI_OLED.o
                0x0000c700                SPI_OLED_Write_Byte
 .text.SPI_OLED_Set_Pos
                0x0000c746       0x2c ./Sources/HardwareLib/SPI_OLED.o
                0x0000c746                SPI_OLED_Set_Pos
 *fill*         0x0000c772        0x2 
 .text.SPI_OLED_Refresh
                0x0000c774       0x50 ./Sources/HardwareLib/SPI_OLED.o
                0x0000c774                SPI_OLED_Refresh
 .text.SPI_OLED_Clear
                0x0000c7c4       0x28 ./Sources/HardwareLib/SPI_OLED.o
                0x0000c7c4                SPI_OLED_Clear
 .text.SPI_OLED_PowerOn_Init
                0x0000c7ec      0x110 ./Sources/HardwareLib/SPI_OLED.o
                0x0000c7ec                SPI_OLED_PowerOn_Init
 .text.SPI_OLED_Init
                0x0000c8fc        0xc ./Sources/HardwareLib/SPI_OLED.o
                0x0000c8fc                SPI_OLED_Init
 .text.SPI_OLED_DrawPoint
                0x0000c908       0x38 ./Sources/HardwareLib/SPI_OLED.o
                0x0000c908                SPI_OLED_DrawPoint
 .text.SPI_OLED_ShowChar
                0x0000c940      0x110 ./Sources/HardwareLib/SPI_OLED.o
                0x0000c940                SPI_OLED_ShowChar
 .text.SPI_OLED_ShowString
                0x0000ca50       0x50 ./Sources/HardwareLib/SPI_OLED.o
                0x0000ca50                SPI_OLED_ShowString
 .text.systick_later_init
                0x0000caa0       0x20 ./Sources/HardwareLib/latency.o
                0x0000caa0                systick_later_init
 .text.later_us
                0x0000cac0       0x28 ./Sources/HardwareLib/latency.o
                0x0000cac0                later_us
 .text.later_ms
                0x0000cae8       0x22 ./Sources/HardwareLib/latency.o
                0x0000cae8                later_ms
 *fill*         0x0000cb0a        0x2 
 .text.start_task
                0x0000cb0c       0x58 ./Sources/RTOS_Task.o
                0x0000cb0c                start_task
 .text.key_task
                0x0000cb64       0x40 ./Sources/RTOS_Task.o
                0x0000cb64                key_task
 .text.show_task
                0x0000cba4       0xb0 ./Sources/RTOS_Task.o
                0x0000cba4                show_task
 .text.init_fcn
                0x0000cc54       0x48 ./Sources/RTOS_Task.o
                0x0000cc54                init_fcn
 .text.rtos_start
                0x0000cc9c       0x34 ./Sources/RTOS_Task.o
                0x0000cc9c                rtos_start
 .text.main     0x0000ccd0       0x18 ./Sources/main.o
                0x0000ccd0                main
 .text.memcpy   0x0000cce8       0x16 E:/NXP/S32DS_ARM_v2.2/S32DS/build_tools/gcc_v6.3/gcc-6.3-arm32-eabi/arm-none-eabi/newlib/lib/thumb/v7e-m/fpv4-sp/hard\libc_nano.a(lib_a-memcpy-stub.o)
                0x0000cce8                memcpy
 .text.memset   0x0000ccfe       0x10 E:/NXP/S32DS_ARM_v2.2/S32DS/build_tools/gcc_v6.3/gcc-6.3-arm32-eabi/arm-none-eabi/newlib/lib/thumb/v7e-m/fpv4-sp/hard\libc_nano.a(lib_a-memset.o)
                0x0000ccfe                memset
 .text._vsprintf_r
                0x0000cd0e       0x30 E:/NXP/S32DS_ARM_v2.2/S32DS/build_tools/gcc_v6.3/gcc-6.3-arm32-eabi/arm-none-eabi/newlib/lib/thumb/v7e-m/fpv4-sp/hard\libc_nano.a(lib_a-vsprintf.o)
                0x0000cd0e                _vsprintf_r
                0x0000cd0e                _vsiprintf_r
 *fill*         0x0000cd3e        0x2 
 .text.vsprintf
                0x0000cd40       0x14 E:/NXP/S32DS_ARM_v2.2/S32DS/build_tools/gcc_v6.3/gcc-6.3-arm32-eabi/arm-none-eabi/newlib/lib/thumb/v7e-m/fpv4-sp/hard\libc_nano.a(lib_a-vsprintf.o)
                0x0000cd40                vsiprintf
                0x0000cd40                vsprintf
 .text.__ssputs_r
                0x0000cd54       0xb6 E:/NXP/S32DS_ARM_v2.2/S32DS/build_tools/gcc_v6.3/gcc-6.3-arm32-eabi/arm-none-eabi/newlib/lib/thumb/v7e-m/fpv4-sp/hard\libc_nano.a(lib_a-nano-svfprintf.o)
                0x0000cd54                __ssputs_r
 *fill*         0x0000ce0a        0x2 
 .text._svfprintf_r
                0x0000ce0c      0x1e8 E:/NXP/S32DS_ARM_v2.2/S32DS/build_tools/gcc_v6.3/gcc-6.3-arm32-eabi/arm-none-eabi/newlib/lib/thumb/v7e-m/fpv4-sp/hard\libc_nano.a(lib_a-nano-svfprintf.o)
                0x0000ce0c                _svfiprintf_r
                0x0000ce0c                _svfprintf_r
 .text._printf_common
                0x0000cff4       0xec E:/NXP/S32DS_ARM_v2.2/S32DS/build_tools/gcc_v6.3/gcc-6.3-arm32-eabi/arm-none-eabi/newlib/lib/thumb/v7e-m/fpv4-sp/hard\libc_nano.a(lib_a-nano-vfprintf_i.o)
                0x0000cff4                _printf_common
 .text._printf_i
                0x0000d0e0      0x240 E:/NXP/S32DS_ARM_v2.2/S32DS/build_tools/gcc_v6.3/gcc-6.3-arm32-eabi/arm-none-eabi/newlib/lib/thumb/v7e-m/fpv4-sp/hard\libc_nano.a(lib_a-nano-vfprintf_i.o)
                0x0000d0e0                _printf_i
 .text.memmove  0x0000d320       0x34 E:/NXP/S32DS_ARM_v2.2/S32DS/build_tools/gcc_v6.3/gcc-6.3-arm32-eabi/arm-none-eabi/newlib/lib/thumb/v7e-m/fpv4-sp/hard\libc_nano.a(lib_a-memmove.o)
                0x0000d320                memmove
 .text._free_r  0x0000d354       0x9c E:/NXP/S32DS_ARM_v2.2/S32DS/build_tools/gcc_v6.3/gcc-6.3-arm32-eabi/arm-none-eabi/newlib/lib/thumb/v7e-m/fpv4-sp/hard\libc_nano.a(lib_a-nano-freer.o)
                0x0000d354                _free_r
 .text._malloc_r
                0x0000d3f0       0xbc E:/NXP/S32DS_ARM_v2.2/S32DS/build_tools/gcc_v6.3/gcc-6.3-arm32-eabi/arm-none-eabi/newlib/lib/thumb/v7e-m/fpv4-sp/hard\libc_nano.a(lib_a-nano-mallocr.o)
                0x0000d3f0                _malloc_r
 .text._realloc_r
                0x0000d4ac       0x4c E:/NXP/S32DS_ARM_v2.2/S32DS/build_tools/gcc_v6.3/gcc-6.3-arm32-eabi/arm-none-eabi/newlib/lib/thumb/v7e-m/fpv4-sp/hard\libc_nano.a(lib_a-nano-reallocr.o)
                0x0000d4ac                _realloc_r
 .text._sbrk_r  0x0000d4f8       0x20 E:/NXP/S32DS_ARM_v2.2/S32DS/build_tools/gcc_v6.3/gcc-6.3-arm32-eabi/arm-none-eabi/newlib/lib/thumb/v7e-m/fpv4-sp/hard\libc_nano.a(lib_a-sbrkr.o)
                0x0000d4f8                _sbrk_r
 .text.__malloc_lock
                0x0000d518        0x2 E:/NXP/S32DS_ARM_v2.2/S32DS/build_tools/gcc_v6.3/gcc-6.3-arm32-eabi/arm-none-eabi/newlib/lib/thumb/v7e-m/fpv4-sp/hard\libc_nano.a(lib_a-mlock.o)
                0x0000d518                __malloc_lock
 .text.__malloc_unlock
                0x0000d51a        0x2 E:/NXP/S32DS_ARM_v2.2/S32DS/build_tools/gcc_v6.3/gcc-6.3-arm32-eabi/arm-none-eabi/newlib/lib/thumb/v7e-m/fpv4-sp/hard\libc_nano.a(lib_a-mlock.o)
                0x0000d51a                __malloc_unlock
 .text._malloc_usable_size_r
                0x0000d51c       0x12 E:/NXP/S32DS_ARM_v2.2/S32DS/build_tools/gcc_v6.3/gcc-6.3-arm32-eabi/arm-none-eabi/newlib/lib/thumb/v7e-m/fpv4-sp/hard\libc_nano.a(lib_a-nano-msizer.o)
                0x0000d51c                _malloc_usable_size_r
 *fill*         0x0000d52e        0x2 
 .text._sbrk    0x0000d530       0x1c E:/NXP/S32DS_ARM_v2.2/S32DS/build_tools/gcc_v6.3/gcc-6.3-arm32-eabi/arm-none-eabi/newlib/lib/thumb/v7e-m/fpv4-sp/hard\libnosys.a(sbrk.o)
                0x0000d530                _sbrk
 *(.rodata)
 *(.rodata*)
 .rodata.Flash1_InitConfig0
                0x0000d54c       0x14 ./Generated_Code/Flash1.o
                0x0000d54c                Flash1_InitConfig0
 .rodata.clockNameMappings
                0x0000d560       0x9e ./SDK/platform/drivers/src/clock/S32K1xx/clock_S32K1xx.o
                0x0000d560                clockNameMappings
 *fill*         0x0000d5fe        0x2 
 .rodata.maxSysClksInHSRUN.7598
                0x0000d600       0x54 ./SDK/platform/drivers/src/clock/S32K1xx/clock_S32K1xx.o
 .rodata.maxSysClksInRUN.7597
                0x0000d654       0x54 ./SDK/platform/drivers/src/clock/S32K1xx/clock_S32K1xx.o
 .rodata.maxSysClksInVLPR.7596
                0x0000d6a8       0x54 ./SDK/platform/drivers/src/clock/S32K1xx/clock_S32K1xx.o
 .rodata.vTaskStartScheduler.str1.4
                0x0000d6fc        0x5 ./SDK/rtos/FreeRTOS_S32K/Source/tasks.o
 *fill*         0x0000d701        0x3 
 .rodata.xTimerCreateTimerTask.str1.4
                0x0000d704        0x8 ./SDK/rtos/FreeRTOS_S32K/Source/timers.o
 .rodata.LPUART1_RxTx_IRQHandler.str1.4
                0x0000d70c       0x3c ./Sources/HardwareLib/LPUART.o
 .rodata.LPUART1_init.str1.4
                0x0000d748       0x3e ./Sources/HardwareLib/LPUART.o
 *fill*         0x0000d786        0x2 
 .rodata.ASICII_0806
                0x0000d788      0x228 ./Sources/HardwareLib/OLED_FONT.o
                0x0000d788                ASICII_0806
 .rodata.ASICII_1206
                0x0000d9b0      0x474 ./Sources/HardwareLib/OLED_FONT.o
                0x0000d9b0                ASICII_1206
 .rodata.ASICII_1608
                0x0000de24      0x5f0 ./Sources/HardwareLib/OLED_FONT.o
                0x0000de24                ASICII_1608
 .rodata.ASICII_2412
                0x0000e414      0xd5c ./Sources/HardwareLib/OLED_FONT.o
                0x0000e414                ASICII_2412
 .rodata.key_task.str1.4
                0x0000f170       0x1e ./Sources/RTOS_Task.o
 *fill*         0x0000f18e        0x2 
 .rodata.rtos_start.str1.4
                0x0000f190        0xb ./Sources/RTOS_Task.o
 *fill*         0x0000f19b        0x1 
 .rodata.show_task.str1.4
                0x0000f19c       0x27 ./Sources/RTOS_Task.o
                                 0x2b (size before relaxing)
 *fill*         0x0000f1c3        0x1 
 .rodata.start_task.str1.4
                0x0000f1c4       0x18 ./Sources/RTOS_Task.o
                                 0x16 (size before relaxing)
 .rodata._svfprintf_r.str1.1
                0x0000f1dc       0x11 E:/NXP/S32DS_ARM_v2.2/S32DS/build_tools/gcc_v6.3/gcc-6.3-arm32-eabi/arm-none-eabi/newlib/lib/thumb/v7e-m/fpv4-sp/hard\libc_nano.a(lib_a-nano-svfprintf.o)
 .rodata._printf_i.str1.1
                0x0000f1ed       0x22 E:/NXP/S32DS_ARM_v2.2/S32DS/build_tools/gcc_v6.3/gcc-6.3-arm32-eabi/arm-none-eabi/newlib/lib/thumb/v7e-m/fpv4-sp/hard\libc_nano.a(lib_a-nano-vfprintf_i.o)
 *(.init)
 *fill*         0x0000f20f        0x1 
 .init          0x0000f210        0x4 e:/nxp/s32ds_arm_v2.2/s32ds/build_tools/gcc_v6.3/gcc-6.3-arm32-eabi/bin/../lib/gcc/arm-none-eabi/6.3.1/thumb/v7e-m/fpv4-sp/hard/crti.o
                0x0000f210                _init
 *(.fini)
 .fini          0x0000f214        0x4 e:/nxp/s32ds_arm_v2.2/s32ds/build_tools/gcc_v6.3/gcc-6.3-arm32-eabi/bin/../lib/gcc/arm-none-eabi/6.3.1/thumb/v7e-m/fpv4-sp/hard/crti.o
                0x0000f214                _fini
 *(.eh_frame)
                0x0000f218                . = ALIGN (0x4)

.glue_7         0x0000f218        0x0
 .glue_7        0x0000f218        0x0 linker stubs

.glue_7t        0x0000f218        0x0
 .glue_7t       0x0000f218        0x0 linker stubs

.vfp11_veneer   0x0000f218        0x0
 .vfp11_veneer  0x0000f218        0x0 linker stubs

.v4_bx          0x0000f218        0x0
 .v4_bx         0x0000f218        0x0 linker stubs

.iplt           0x0000f218        0x0
 .iplt          0x0000f218        0x0 e:/nxp/s32ds_arm_v2.2/s32ds/build_tools/gcc_v6.3/gcc-6.3-arm32-eabi/bin/../lib/gcc/arm-none-eabi/6.3.1/thumb/v7e-m/fpv4-sp/hard/crtbegin.o

.rel.dyn        0x0000f218        0x0
 .rel.iplt      0x0000f218        0x0 e:/nxp/s32ds_arm_v2.2/s32ds/build_tools/gcc_v6.3/gcc-6.3-arm32-eabi/bin/../lib/gcc/arm-none-eabi/6.3.1/thumb/v7e-m/fpv4-sp/hard/crtbegin.o

.ARM            0x0000f218        0x0
                0x0000f218                __exidx_start = .
 *(.ARM.exidx*)
                0x0000f218                __exidx_end = .
                0x0000f218                __etext = .
                0x0000f218                __DATA_ROM = .

.interrupts_ram
                0x1fff8000      0x400
                0x1fff8000                . = ALIGN (0x4)
                0x1fff8000                __VECTOR_RAM__ = .
                0x1fff8000                __RAM_START = .
                0x1fff8000                __interrupts_ram_start__ = .
 *(.m_interrupts_ram)
                0x1fff8400                . = (. + M_VECTOR_RAM_SIZE)
 *fill*         0x1fff8000      0x400 
                0x1fff8400                . = ALIGN (0x4)
                0x1fff8400                __interrupts_ram_end__ = .
                0x1fff8000                __VECTOR_RAM = DEFINED (__flash_vector_table__)?ORIGIN (m_interrupts):__VECTOR_RAM__
                0x00000400                __RAM_VECTOR_TABLE_SIZE = DEFINED (__flash_vector_table__)?0x0:(__interrupts_ram_end__ - __interrupts_ram_start__)

.data           0x1fff8400      0x1e0 load address 0x0000f218
                0x1fff8400                . = ALIGN (0x4)
                0x1fff8400                __DATA_RAM = .
                0x1fff8400                __data_start__ = .
 *(.data)
 *(.data*)
 .data.clockMan1_InitConfig0
                0x1fff8400       0x78 ./Generated_Code/clockMan1.o
                0x1fff8400                clockMan1_InitConfig0
 .data.peripheralClockConfig0
                0x1fff8478       0x2d ./Generated_Code/clockMan1.o
                0x1fff8478                peripheralClockConfig0
 *fill*         0x1fff84a5        0x3 
 .data.powerConfigsArr
                0x1fff84a8       0x18 ./Generated_Code/pwrMan1.o
                0x1fff84a8                powerConfigsArr
 .data.pwrMan1_InitConfig0
                0x1fff84c0        0x2 ./Generated_Code/pwrMan1.o
                0x1fff84c0                pwrMan1_InitConfig0
 *fill*         0x1fff84c2        0x2 
 .data.pwrMan1_InitConfig2
                0x1fff84c4        0x2 ./Generated_Code/pwrMan1.o
                0x1fff84c4                pwrMan1_InitConfig2
 *fill*         0x1fff84c6        0x2 
 .data.pwrMan1_InitConfig3
                0x1fff84c8        0x2 ./Generated_Code/pwrMan1.o
                0x1fff84c8                pwrMan1_InitConfig3
 *fill*         0x1fff84ca        0x2 
 .data.pwrMan1_InitConfig4
                0x1fff84cc        0x2 ./Generated_Code/pwrMan1.o
                0x1fff84cc                pwrMan1_InitConfig4
 *fill*         0x1fff84ce        0x2 
 .data.pwrMan1_InitConfig5
                0x1fff84d0        0x2 ./Generated_Code/pwrMan1.o
                0x1fff84d0                pwrMan1_InitConfig5
 *fill*         0x1fff84d2        0x2 
 .data.peripheralClockConfig.7360
                0x1fff84d4       0xa0 ./SDK/platform/drivers/src/clock/S32K1xx/clock_S32K1xx.o
 .data.uxCriticalNesting
                0x1fff8574        0x4 ./SDK/rtos/FreeRTOS_S32K/Source/portable/GCC/ARM_CM4F/port.o
 .data.delay_10
                0x1fff8578        0x4 ./Sources/HardwareLib/LPUART.o
                0x1fff8578                delay_10
 .data._impure_ptr
                0x1fff857c        0x4 E:/NXP/S32DS_ARM_v2.2/S32DS/build_tools/gcc_v6.3/gcc-6.3-arm32-eabi/arm-none-eabi/newlib/lib/thumb/v7e-m/fpv4-sp/hard\libc_nano.a(lib_a-impure.o)
                0x1fff857c                _impure_ptr
 .data.impure_data
                0x1fff8580       0x60 E:/NXP/S32DS_ARM_v2.2/S32DS/build_tools/gcc_v6.3/gcc-6.3-arm32-eabi/arm-none-eabi/newlib/lib/thumb/v7e-m/fpv4-sp/hard\libc_nano.a(lib_a-impure.o)
                0x1fff85e0                . = ALIGN (0x4)
                0x1fff85e0                __data_end__ = .
                0x0000f3f8                __DATA_END = (__DATA_ROM + (__data_end__ - __data_start__))
                0x0000f3f8                __CODE_ROM = __DATA_END

.igot.plt       0x1fff85e0        0x0 load address 0x0000f3f8
 .igot.plt      0x1fff85e0        0x0 e:/nxp/s32ds_arm_v2.2/s32ds/build_tools/gcc_v6.3/gcc-6.3-arm32-eabi/bin/../lib/gcc/arm-none-eabi/6.3.1/thumb/v7e-m/fpv4-sp/hard/crtbegin.o

.code           0x1fff85e0        0x0 load address 0x0000f3f8
                0x1fff85e0                . = ALIGN (0x4)
                0x1fff85e0                __CODE_RAM = .
                0x1fff85e0                __code_start__ = .
                0x1fff85e0                __code_ram_start__ = .
 *(.code_ram)
                0x1fff85e0                . = ALIGN (0x4)
                0x1fff85e0                __code_end__ = .
                0x1fff85e0                __code_ram_end__ = .
                0x0000f3f8                __CODE_END = (__CODE_ROM + (__code_end__ - __code_start__))
                0x0000f3f8                __CUSTOM_ROM = __CODE_END

.customSectionBlock
                0x20000000        0x0 load address 0x0000f3f8
                0x20000000                __customSection_start__ = .
 *(.customSection)
                0x20000000                __customSection_end__ = .
                0x0000f3f8                __CUSTOM_END = (__CUSTOM_ROM + (__customSection_end__ - __customSection_start__))
                0x0000f3f8                __rom_end = __CUSTOM_END

.bss            0x20000000     0x2804
                0x20000000                . = ALIGN (0x4)
                0x20000000                __BSS_START = .
                0x20000000                __bss_start__ = .
 *(.bss)
 *(.bss*)
 .bss.powerStaticCallbacksConfigsArr
                0x20000000        0x4 ./Generated_Code/pwrMan1.o
                0x20000000                powerStaticCallbacksConfigsArr
 .bss.pwrMan1_InitConfig1
                0x20000004        0x2 ./Generated_Code/pwrMan1.o
                0x20000004                pwrMan1_InitConfig1
 *fill*         0x20000006        0x2 
 .bss.g_RtcClkInFreq
                0x20000008        0x4 ./SDK/platform/drivers/src/clock/S32K1xx/clock_S32K1xx.o
                0x20000008                g_RtcClkInFreq
 .bss.g_TClkFreq
                0x2000000c        0xc ./SDK/platform/drivers/src/clock/S32K1xx/clock_S32K1xx.o
                0x2000000c                g_TClkFreq
 .bss.g_xtal0ClkFreq
                0x20000018        0x4 ./SDK/platform/drivers/src/clock/S32K1xx/clock_S32K1xx.o
                0x20000018                g_xtal0ClkFreq
 .bss.enableFIRC
                0x2000001c        0x1 ./SDK/platform/drivers/src/power/S32K1xx/power_manager_S32K1xx.o
 .bss.enableSOSC
                0x2000001d        0x1 ./SDK/platform/drivers/src/power/S32K1xx/power_manager_S32K1xx.o
 .bss.enableSPLL
                0x2000001e        0x1 ./SDK/platform/drivers/src/power/S32K1xx/power_manager_S32K1xx.o
 *fill*         0x2000001f        0x1 
 .bss.gPowerManagerState
                0x20000020       0x10 ./SDK/platform/drivers/src/power/S32K1xx/power_manager_S32K1xx.o
                0x20000020                gPowerManagerState
 .bss.pxCurrentTCB
                0x20000030        0x4 ./SDK/rtos/FreeRTOS_S32K/Source/tasks.o
                0x20000030                pxCurrentTCB
 .bss.pxDelayedTaskList
                0x20000034        0x4 ./SDK/rtos/FreeRTOS_S32K/Source/tasks.o
 .bss.pxOverflowDelayedTaskList
                0x20000038        0x4 ./SDK/rtos/FreeRTOS_S32K/Source/tasks.o
 .bss.pxReadyTasksLists
                0x2000003c      0x140 ./SDK/rtos/FreeRTOS_S32K/Source/tasks.o
 .bss.ulTaskSwitchedInTime
                0x2000017c        0x4 ./SDK/rtos/FreeRTOS_S32K/Source/tasks.o
 .bss.uxCurrentNumberOfTasks
                0x20000180        0x4 ./SDK/rtos/FreeRTOS_S32K/Source/tasks.o
 .bss.uxDeletedTasksWaitingCleanUp
                0x20000184        0x4 ./SDK/rtos/FreeRTOS_S32K/Source/tasks.o
 .bss.uxPendedTicks
                0x20000188        0x4 ./SDK/rtos/FreeRTOS_S32K/Source/tasks.o
 .bss.uxSchedulerSuspended
                0x2000018c        0x4 ./SDK/rtos/FreeRTOS_S32K/Source/tasks.o
 .bss.uxTaskNumber
                0x20000190        0x4 ./SDK/rtos/FreeRTOS_S32K/Source/tasks.o
 .bss.uxTopReadyPriority
                0x20000194        0x4 ./SDK/rtos/FreeRTOS_S32K/Source/tasks.o
 .bss.xDelayedTaskList1
                0x20000198       0x14 ./SDK/rtos/FreeRTOS_S32K/Source/tasks.o
 .bss.xDelayedTaskList2
                0x200001ac       0x14 ./SDK/rtos/FreeRTOS_S32K/Source/tasks.o
 .bss.xIdleTaskHandle
                0x200001c0        0x4 ./SDK/rtos/FreeRTOS_S32K/Source/tasks.o
 .bss.xNextTaskUnblockTime
                0x200001c4        0x4 ./SDK/rtos/FreeRTOS_S32K/Source/tasks.o
 .bss.xNumOfOverflows
                0x200001c8        0x4 ./SDK/rtos/FreeRTOS_S32K/Source/tasks.o
 .bss.xPendingReadyList
                0x200001cc       0x14 ./SDK/rtos/FreeRTOS_S32K/Source/tasks.o
 .bss.xSchedulerRunning
                0x200001e0        0x4 ./SDK/rtos/FreeRTOS_S32K/Source/tasks.o
 .bss.xSuspendedTaskList
                0x200001e4       0x14 ./SDK/rtos/FreeRTOS_S32K/Source/tasks.o
 .bss.xTasksWaitingTermination
                0x200001f8       0x14 ./SDK/rtos/FreeRTOS_S32K/Source/tasks.o
 .bss.xTickCount
                0x2000020c        0x4 ./SDK/rtos/FreeRTOS_S32K/Source/tasks.o
 .bss.xYieldPending
                0x20000210        0x4 ./SDK/rtos/FreeRTOS_S32K/Source/tasks.o
 .bss.pxCurrentTimerList
                0x20000214        0x4 ./SDK/rtos/FreeRTOS_S32K/Source/timers.o
 .bss.pxOverflowTimerList
                0x20000218        0x4 ./SDK/rtos/FreeRTOS_S32K/Source/timers.o
 .bss.xActiveTimerList1
                0x2000021c       0x14 ./SDK/rtos/FreeRTOS_S32K/Source/timers.o
 .bss.xActiveTimerList2
                0x20000230       0x14 ./SDK/rtos/FreeRTOS_S32K/Source/timers.o
 .bss.xLastTime.6399
                0x20000244        0x4 ./SDK/rtos/FreeRTOS_S32K/Source/timers.o
 .bss.xTimerQueue
                0x20000248        0x4 ./SDK/rtos/FreeRTOS_S32K/Source/timers.o
 .bss.xTimerTaskHandle
                0x2000024c        0x4 ./SDK/rtos/FreeRTOS_S32K/Source/timers.o
 .bss.ucMaxSysCallPriority
                0x20000250        0x1 ./SDK/rtos/FreeRTOS_S32K/Source/portable/GCC/ARM_CM4F/port.o
 *fill*         0x20000251        0x3 
 .bss.ulMaxPRIGROUPValue
                0x20000254        0x4 ./SDK/rtos/FreeRTOS_S32K/Source/portable/GCC/ARM_CM4F/port.o
 .bss.pxEnd     0x20000258        0x4 ./SDK/rtos/FreeRTOS_S32K/Source/portable/MemMang/heap_4.o
 .bss.ucHeap    0x2000025c     0x2000 ./SDK/rtos/FreeRTOS_S32K/Source/portable/MemMang/heap_4.o
 .bss.xBlockAllocatedBit
                0x2000225c        0x4 ./SDK/rtos/FreeRTOS_S32K/Source/portable/MemMang/heap_4.o
 .bss.xFreeBytesRemaining
                0x20002260        0x4 ./SDK/rtos/FreeRTOS_S32K/Source/portable/MemMang/heap_4.o
 .bss.xMinimumEverFreeBytesRemaining
                0x20002264        0x4 ./SDK/rtos/FreeRTOS_S32K/Source/portable/MemMang/heap_4.o
 .bss.xStart    0x20002268        0x8 ./SDK/rtos/FreeRTOS_S32K/Source/portable/MemMang/heap_4.o
 .bss.flashConfig
                0x20002270       0x1c ./Sources/HardwareLib/FlashWriteRead.o
                0x20002270                flashConfig
 .bss.LPUART1_TX_BUF
                0x2000228c       0xc8 ./Sources/HardwareLib/LPUART.o
                0x2000228c                LPUART1_TX_BUF
 .bss.LPUART_RX_que
                0x20002354        0x4 ./Sources/HardwareLib/LPUART.o
                0x20002354                LPUART_RX_que
 .bss.RX_Cnt_Semph
                0x20002358        0x4 ./Sources/HardwareLib/LPUART.o
                0x20002358                RX_Cnt_Semph
 .bss.rev_c     0x2000235c        0x1 ./Sources/HardwareLib/LPUART.o
                0x2000235c                rev_c
 *fill*         0x2000235d        0x3 
 .bss.CPU_RunTime
                0x20002360        0x4 ./Sources/HardwareLib/LP_IT_timer.o
                0x20002360                CPU_RunTime
 .bss.SPI_OLED_GRAM
                0x20002364      0x480 ./Sources/HardwareLib/SPI_OLED.o
                0x20002364                SPI_OLED_GRAM
 .bss.key_task_handler
                0x200027e4        0x4 ./Sources/RTOS_Task.o
                0x200027e4                key_task_handler
 .bss.show_task_handler
                0x200027e8        0x4 ./Sources/RTOS_Task.o
                0x200027e8                show_task_handler
 .bss.start_task_handler
                0x200027ec        0x4 ./Sources/RTOS_Task.o
                0x200027ec                start_task_handler
 .bss.exit_code
                0x200027f0        0x4 ./Sources/main.o
                0x200027f0                exit_code
 .bss.__malloc_free_list
                0x200027f4        0x4 E:/NXP/S32DS_ARM_v2.2/S32DS/build_tools/gcc_v6.3/gcc-6.3-arm32-eabi/arm-none-eabi/newlib/lib/thumb/v7e-m/fpv4-sp/hard\libc_nano.a(lib_a-nano-mallocr.o)
                0x200027f4                __malloc_free_list
 .bss.__malloc_sbrk_start
                0x200027f8        0x4 E:/NXP/S32DS_ARM_v2.2/S32DS/build_tools/gcc_v6.3/gcc-6.3-arm32-eabi/arm-none-eabi/newlib/lib/thumb/v7e-m/fpv4-sp/hard\libc_nano.a(lib_a-nano-mallocr.o)
                0x200027f8                __malloc_sbrk_start
 .bss.heap_end.5365
                0x200027fc        0x4 E:/NXP/S32DS_ARM_v2.2/S32DS/build_tools/gcc_v6.3/gcc-6.3-arm32-eabi/arm-none-eabi/newlib/lib/thumb/v7e-m/fpv4-sp/hard\libnosys.a(sbrk.o)
 *(COMMON)
 COMMON         0x20002800        0x4 E:/NXP/S32DS_ARM_v2.2/S32DS/build_tools/gcc_v6.3/gcc-6.3-arm32-eabi/arm-none-eabi/newlib/lib/thumb/v7e-m/fpv4-sp/hard\libc_nano.a(lib_a-reent.o)
                0x20002800                errno
                0x20002804                . = ALIGN (0x4)
                0x20002804                __bss_end__ = .
                0x20002804                __BSS_END = .

.heap           0x20002804      0x404
                0x20002808                . = ALIGN (0x8)
 *fill*         0x20002804        0x4 
                0x20002808                __end__ = .
                0x20002808                __heap_start__ = .
                0x20002808                PROVIDE (end, .)
                [!provide]                PROVIDE (_end, .)
                [!provide]                PROVIDE (__end, .)
                0x20002808                __HeapBase = .
                0x20002c08                . = (. + HEAP_SIZE)
 *fill*         0x20002808      0x400 
                0x20002c08                __HeapLimit = .
                0x20002c08                __heap_limit = .
                0x20002c08                __heap_end__ = .
                0x20007000                __StackTop = (ORIGIN (m_data_2) + LENGTH (m_data_2))
                0x20006c00                __StackLimit = (__StackTop - STACK_SIZE)
                0x20007000                PROVIDE (__stack, __StackTop)
                0x20007000                __RAM_END = __StackTop

.stack          0x20006c00      0x400
                0x20006c00                . = ALIGN (0x8)
                0x20006c00                __stack_start__ = .
                0x20007000                . = (. + STACK_SIZE)
 *fill*         0x20006c00      0x400 
                0x20007000                __stack_end__ = .

.ARM.attributes
                0x00000000       0x30
 *(.ARM.attributes)
 .ARM.attributes
                0x00000000       0x22 e:/nxp/s32ds_arm_v2.2/s32ds/build_tools/gcc_v6.3/gcc-6.3-arm32-eabi/bin/../lib/gcc/arm-none-eabi/6.3.1/thumb/v7e-m/fpv4-sp/hard/crti.o
 .ARM.attributes
                0x00000022       0x39 ./Generated_Code/Flash1.o
 .ARM.attributes
                0x0000005b       0x39 ./Generated_Code/clockMan1.o
 .ARM.attributes
                0x00000094       0x39 ./Generated_Code/pwrMan1.o
 .ARM.attributes
                0x000000cd       0x1f ./Project_Settings/Startup_Code/startup_S32K144.o
 .ARM.attributes
                0x000000ec       0x39 ./SDK/platform/devices/S32K144/startup/system_S32K144.o
 .ARM.attributes
                0x00000125       0x39 ./SDK/platform/devices/startup.o
 .ARM.attributes
                0x0000015e       0x39 ./SDK/platform/drivers/src/clock/S32K1xx/clock_S32K1xx.o
 .ARM.attributes
                0x00000197       0x39 ./SDK/platform/drivers/src/flash/flash_driver.o
 .ARM.attributes
                0x000001d0       0x39 ./SDK/platform/drivers/src/power/S32K1xx/power_manager_S32K1xx.o
 .ARM.attributes
                0x00000209       0x39 ./SDK/platform/drivers/src/power/S32K1xx/power_smc_hw_access.o
 .ARM.attributes
                0x00000242       0x39 ./SDK/platform/drivers/src/power/power_manager.o
 .ARM.attributes
                0x0000027b       0x39 ./SDK/rtos/FreeRTOS_S32K/Source/list.o
 .ARM.attributes
                0x000002b4       0x39 ./SDK/rtos/FreeRTOS_S32K/Source/queue.o
 .ARM.attributes
                0x000002ed       0x39 ./SDK/rtos/FreeRTOS_S32K/Source/tasks.o
 .ARM.attributes
                0x00000326       0x39 ./SDK/rtos/FreeRTOS_S32K/Source/timers.o
 .ARM.attributes
                0x0000035f       0x39 ./SDK/rtos/FreeRTOS_S32K/Source/portable/GCC/ARM_CM4F/port.o
 .ARM.attributes
                0x00000398       0x39 ./SDK/rtos/FreeRTOS_S32K/Source/portable/MemMang/heap_4.o
 .ARM.attributes
                0x000003d1       0x39 ./Sources/HardwareLib/FlashWriteRead.o
 .ARM.attributes
                0x0000040a       0x39 ./Sources/HardwareLib/LPTMR.o
 .ARM.attributes
                0x00000443       0x39 ./Sources/HardwareLib/LPUART.o
 .ARM.attributes
                0x0000047c       0x39 ./Sources/HardwareLib/LP_IT_timer.o
 .ARM.attributes
                0x000004b5       0x39 ./Sources/HardwareLib/OLED_FONT.o
 .ARM.attributes
                0x000004ee       0x39 ./Sources/HardwareLib/PowerSwitch.o
 .ARM.attributes
                0x00000527       0x39 ./Sources/HardwareLib/RGB_LED.o
 .ARM.attributes
                0x00000560       0x39 ./Sources/HardwareLib/SPI_OLED.o
 .ARM.attributes
                0x00000599       0x39 ./Sources/HardwareLib/latency.o
 .ARM.attributes
                0x000005d2       0x39 ./Sources/RTOS_Task.o
 .ARM.attributes
                0x0000060b       0x39 ./Sources/main.o
 .ARM.attributes
                0x00000644       0x34 E:/NXP/S32DS_ARM_v2.2/S32DS/build_tools/gcc_v6.3/gcc-6.3-arm32-eabi/arm-none-eabi/newlib/lib/thumb/v7e-m/fpv4-sp/hard\libc_nano.a(lib_a-impure.o)
 .ARM.attributes
                0x00000678       0x34 E:/NXP/S32DS_ARM_v2.2/S32DS/build_tools/gcc_v6.3/gcc-6.3-arm32-eabi/arm-none-eabi/newlib/lib/thumb/v7e-m/fpv4-sp/hard\libc_nano.a(lib_a-memcpy-stub.o)
 .ARM.attributes
                0x000006ac       0x34 E:/NXP/S32DS_ARM_v2.2/S32DS/build_tools/gcc_v6.3/gcc-6.3-arm32-eabi/arm-none-eabi/newlib/lib/thumb/v7e-m/fpv4-sp/hard\libc_nano.a(lib_a-memset.o)
 .ARM.attributes
                0x000006e0       0x1b E:/NXP/S32DS_ARM_v2.2/S32DS/build_tools/gcc_v6.3/gcc-6.3-arm32-eabi/arm-none-eabi/newlib/lib/thumb/v7e-m/fpv4-sp/hard\libc_nano.a(lib_a-strlen.o)
 .ARM.attributes
                0x000006fb       0x34 E:/NXP/S32DS_ARM_v2.2/S32DS/build_tools/gcc_v6.3/gcc-6.3-arm32-eabi/arm-none-eabi/newlib/lib/thumb/v7e-m/fpv4-sp/hard\libc_nano.a(lib_a-vsprintf.o)
 .ARM.attributes
                0x0000072f       0x34 E:/NXP/S32DS_ARM_v2.2/S32DS/build_tools/gcc_v6.3/gcc-6.3-arm32-eabi/arm-none-eabi/newlib/lib/thumb/v7e-m/fpv4-sp/hard\libc_nano.a(lib_a-nano-svfprintf.o)
 .ARM.attributes
                0x00000763       0x34 E:/NXP/S32DS_ARM_v2.2/S32DS/build_tools/gcc_v6.3/gcc-6.3-arm32-eabi/arm-none-eabi/newlib/lib/thumb/v7e-m/fpv4-sp/hard\libc_nano.a(lib_a-nano-vfprintf_i.o)
 .ARM.attributes
                0x00000797       0x20 E:/NXP/S32DS_ARM_v2.2/S32DS/build_tools/gcc_v6.3/gcc-6.3-arm32-eabi/arm-none-eabi/newlib/lib/thumb/v7e-m/fpv4-sp/hard\libc_nano.a(lib_a-memchr.o)
 .ARM.attributes
                0x000007b7       0x34 E:/NXP/S32DS_ARM_v2.2/S32DS/build_tools/gcc_v6.3/gcc-6.3-arm32-eabi/arm-none-eabi/newlib/lib/thumb/v7e-m/fpv4-sp/hard\libc_nano.a(lib_a-memmove.o)
 .ARM.attributes
                0x000007eb       0x34 E:/NXP/S32DS_ARM_v2.2/S32DS/build_tools/gcc_v6.3/gcc-6.3-arm32-eabi/arm-none-eabi/newlib/lib/thumb/v7e-m/fpv4-sp/hard\libc_nano.a(lib_a-nano-freer.o)
 .ARM.attributes
                0x0000081f       0x34 E:/NXP/S32DS_ARM_v2.2/S32DS/build_tools/gcc_v6.3/gcc-6.3-arm32-eabi/arm-none-eabi/newlib/lib/thumb/v7e-m/fpv4-sp/hard\libc_nano.a(lib_a-nano-mallocr.o)
 .ARM.attributes
                0x00000853       0x34 E:/NXP/S32DS_ARM_v2.2/S32DS/build_tools/gcc_v6.3/gcc-6.3-arm32-eabi/arm-none-eabi/newlib/lib/thumb/v7e-m/fpv4-sp/hard\libc_nano.a(lib_a-nano-reallocr.o)
 .ARM.attributes
                0x00000887       0x34 E:/NXP/S32DS_ARM_v2.2/S32DS/build_tools/gcc_v6.3/gcc-6.3-arm32-eabi/arm-none-eabi/newlib/lib/thumb/v7e-m/fpv4-sp/hard\libc_nano.a(lib_a-sbrkr.o)
 .ARM.attributes
                0x000008bb       0x34 E:/NXP/S32DS_ARM_v2.2/S32DS/build_tools/gcc_v6.3/gcc-6.3-arm32-eabi/arm-none-eabi/newlib/lib/thumb/v7e-m/fpv4-sp/hard\libc_nano.a(lib_a-mlock.o)
 .ARM.attributes
                0x000008ef       0x34 E:/NXP/S32DS_ARM_v2.2/S32DS/build_tools/gcc_v6.3/gcc-6.3-arm32-eabi/arm-none-eabi/newlib/lib/thumb/v7e-m/fpv4-sp/hard\libc_nano.a(lib_a-nano-msizer.o)
 .ARM.attributes
                0x00000923       0x34 E:/NXP/S32DS_ARM_v2.2/S32DS/build_tools/gcc_v6.3/gcc-6.3-arm32-eabi/arm-none-eabi/newlib/lib/thumb/v7e-m/fpv4-sp/hard\libc_nano.a(lib_a-reent.o)
 .ARM.attributes
                0x00000957       0x34 E:/NXP/S32DS_ARM_v2.2/S32DS/build_tools/gcc_v6.3/gcc-6.3-arm32-eabi/arm-none-eabi/newlib/lib/thumb/v7e-m/fpv4-sp/hard\libnosys.a(sbrk.o)
                0x00000001                ASSERT ((__rom_end <= (ORIGIN (m_text) + LENGTH (m_text))), Region m_text overflowed!)
                0x00000001                ASSERT ((__StackLimit >= __HeapLimit), region m_data_2 overflowed with stack and heap)
OUTPUT(APP_RTOS.elf elf32-littlearm)

.debug_info     0x00000000    0x2a427
 .debug_info    0x00000000     0x1475 ./Generated_Code/Flash1.o
 .debug_info    0x00001475     0x15aa ./Generated_Code/clockMan1.o
 .debug_info    0x00002a1f     0x14cf ./Generated_Code/pwrMan1.o
 .debug_info    0x00003eee       0x26 ./Project_Settings/Startup_Code/startup_S32K144.o
 .debug_info    0x00003f14      0x521 ./SDK/platform/devices/S32K144/startup/system_S32K144.o
 .debug_info    0x00004435      0x2ad ./SDK/platform/devices/startup.o
 .debug_info    0x000046e2     0x5ae6 ./SDK/platform/drivers/src/clock/S32K1xx/clock_S32K1xx.o
 .debug_info    0x0000a1c8     0x188f ./SDK/platform/drivers/src/flash/flash_driver.o
 .debug_info    0x0000ba57     0x182b ./SDK/platform/drivers/src/power/S32K1xx/power_manager_S32K1xx.o
 .debug_info    0x0000d282      0xc6d ./SDK/platform/drivers/src/power/S32K1xx/power_smc_hw_access.o
 .debug_info    0x0000deef      0x88b ./SDK/platform/drivers/src/power/power_manager.o
 .debug_info    0x0000e77a      0xab8 ./SDK/rtos/FreeRTOS_S32K/Source/list.o
 .debug_info    0x0000f232     0x26e4 ./SDK/rtos/FreeRTOS_S32K/Source/queue.o
 .debug_info    0x00011916     0x36f9 ./SDK/rtos/FreeRTOS_S32K/Source/tasks.o
 .debug_info    0x0001500f     0x1aec ./SDK/rtos/FreeRTOS_S32K/Source/timers.o
 .debug_info    0x00016afb      0x56b ./SDK/rtos/FreeRTOS_S32K/Source/portable/GCC/ARM_CM4F/port.o
 .debug_info    0x00017066      0xcb0 ./SDK/rtos/FreeRTOS_S32K/Source/portable/MemMang/heap_4.o
 .debug_info    0x00017d16     0x2130 ./Sources/HardwareLib/FlashWriteRead.o
 .debug_info    0x00019e46     0x2390 ./Sources/HardwareLib/LPTMR.o
 .debug_info    0x0001c1d6     0x261c ./Sources/HardwareLib/LPUART.o
 .debug_info    0x0001e7f2     0x2298 ./Sources/HardwareLib/LP_IT_timer.o
 .debug_info    0x00020a8a      0x12e ./Sources/HardwareLib/OLED_FONT.o
 .debug_info    0x00020bb8     0x2370 ./Sources/HardwareLib/PowerSwitch.o
 .debug_info    0x00022f28     0x2370 ./Sources/HardwareLib/RGB_LED.o
 .debug_info    0x00025298      0xe02 ./Sources/HardwareLib/SPI_OLED.o
 .debug_info    0x0002609a      0x22e ./Sources/HardwareLib/latency.o
 .debug_info    0x000262c8     0x23de ./Sources/RTOS_Task.o
 .debug_info    0x000286a6     0x1d81 ./Sources/main.o

.debug_abbrev   0x00000000     0x405d
 .debug_abbrev  0x00000000      0x12e ./Generated_Code/Flash1.o
 .debug_abbrev  0x0000012e      0x13b ./Generated_Code/clockMan1.o
 .debug_abbrev  0x00000269      0x139 ./Generated_Code/pwrMan1.o
 .debug_abbrev  0x000003a2       0x14 ./Project_Settings/Startup_Code/startup_S32K144.o
 .debug_abbrev  0x000003b6      0x140 ./SDK/platform/devices/S32K144/startup/system_S32K144.o
 .debug_abbrev  0x000004f6       0xe0 ./SDK/platform/devices/startup.o
 .debug_abbrev  0x000005d6      0x3e3 ./SDK/platform/drivers/src/clock/S32K1xx/clock_S32K1xx.o
 .debug_abbrev  0x000009b9      0x2bf ./SDK/platform/drivers/src/flash/flash_driver.o
 .debug_abbrev  0x00000c78      0x3c0 ./SDK/platform/drivers/src/power/S32K1xx/power_manager_S32K1xx.o
 .debug_abbrev  0x00001038      0x27c ./SDK/platform/drivers/src/power/S32K1xx/power_smc_hw_access.o
 .debug_abbrev  0x000012b4      0x240 ./SDK/platform/drivers/src/power/power_manager.o
 .debug_abbrev  0x000014f4      0x1ea ./SDK/rtos/FreeRTOS_S32K/Source/list.o
 .debug_abbrev  0x000016de      0x3a0 ./SDK/rtos/FreeRTOS_S32K/Source/queue.o
 .debug_abbrev  0x00001a7e      0x3f1 ./SDK/rtos/FreeRTOS_S32K/Source/tasks.o
 .debug_abbrev  0x00001e6f      0x397 ./SDK/rtos/FreeRTOS_S32K/Source/timers.o
 .debug_abbrev  0x00002206      0x23a ./SDK/rtos/FreeRTOS_S32K/Source/portable/GCC/ARM_CM4F/port.o
 .debug_abbrev  0x00002440      0x30d ./SDK/rtos/FreeRTOS_S32K/Source/portable/MemMang/heap_4.o
 .debug_abbrev  0x0000274d      0x28c ./Sources/HardwareLib/FlashWriteRead.o
 .debug_abbrev  0x000029d9      0x2a1 ./Sources/HardwareLib/LPTMR.o
 .debug_abbrev  0x00002c7a      0x36d ./Sources/HardwareLib/LPUART.o
 .debug_abbrev  0x00002fe7      0x290 ./Sources/HardwareLib/LP_IT_timer.o
 .debug_abbrev  0x00003277       0x6f ./Sources/HardwareLib/OLED_FONT.o
 .debug_abbrev  0x000032e6      0x288 ./Sources/HardwareLib/PowerSwitch.o
 .debug_abbrev  0x0000356e      0x2ac ./Sources/HardwareLib/RGB_LED.o
 .debug_abbrev  0x0000381a      0x28d ./Sources/HardwareLib/SPI_OLED.o
 .debug_abbrev  0x00003aa7      0x12f ./Sources/HardwareLib/latency.o
 .debug_abbrev  0x00003bd6      0x279 ./Sources/RTOS_Task.o
 .debug_abbrev  0x00003e4f      0x20e ./Sources/main.o

.debug_aranges  0x00000000      0xbc0
 .debug_aranges
                0x00000000       0x18 ./Generated_Code/Flash1.o
 .debug_aranges
                0x00000018       0x18 ./Generated_Code/clockMan1.o
 .debug_aranges
                0x00000030       0x18 ./Generated_Code/pwrMan1.o
 .debug_aranges
                0x00000048       0x20 ./Project_Settings/Startup_Code/startup_S32K144.o
 .debug_aranges
                0x00000068       0x30 ./SDK/platform/devices/S32K144/startup/system_S32K144.o
 .debug_aranges
                0x00000098       0x20 ./SDK/platform/devices/startup.o
 .debug_aranges
                0x000000b8      0x120 ./SDK/platform/drivers/src/clock/S32K1xx/clock_S32K1xx.o
 .debug_aranges
                0x000001d8      0x130 ./SDK/platform/drivers/src/flash/flash_driver.o
 .debug_aranges
                0x00000308       0x58 ./SDK/platform/drivers/src/power/S32K1xx/power_manager_S32K1xx.o
 .debug_aranges
                0x00000360       0x30 ./SDK/platform/drivers/src/power/S32K1xx/power_smc_hw_access.o
 .debug_aranges
                0x00000390       0x60 ./SDK/platform/drivers/src/power/power_manager.o
 .debug_aranges
                0x000003f0       0x40 ./SDK/rtos/FreeRTOS_S32K/Source/list.o
 .debug_aranges
                0x00000430      0x108 ./SDK/rtos/FreeRTOS_S32K/Source/queue.o
 .debug_aranges
                0x00000538      0x1f0 ./SDK/rtos/FreeRTOS_S32K/Source/tasks.o
 .debug_aranges
                0x00000728       0xa8 ./SDK/rtos/FreeRTOS_S32K/Source/timers.o
 .debug_aranges
                0x000007d0       0x80 ./SDK/rtos/FreeRTOS_S32K/Source/portable/GCC/ARM_CM4F/port.o
 .debug_aranges
                0x00000850       0x48 ./SDK/rtos/FreeRTOS_S32K/Source/portable/MemMang/heap_4.o
 .debug_aranges
                0x00000898       0x40 ./Sources/HardwareLib/FlashWriteRead.o
 .debug_aranges
                0x000008d8       0x38 ./Sources/HardwareLib/LPTMR.o
 .debug_aranges
                0x00000910       0x50 ./Sources/HardwareLib/LPUART.o
 .debug_aranges
                0x00000960       0x30 ./Sources/HardwareLib/LP_IT_timer.o
 .debug_aranges
                0x00000990       0x18 ./Sources/HardwareLib/OLED_FONT.o
 .debug_aranges
                0x000009a8       0x40 ./Sources/HardwareLib/PowerSwitch.o
 .debug_aranges
                0x000009e8       0x50 ./Sources/HardwareLib/RGB_LED.o
 .debug_aranges
                0x00000a38       0xe0 ./Sources/HardwareLib/SPI_OLED.o
 .debug_aranges
                0x00000b18       0x40 ./Sources/HardwareLib/latency.o
 .debug_aranges
                0x00000b58       0x48 ./Sources/RTOS_Task.o
 .debug_aranges
                0x00000ba0       0x20 ./Sources/main.o

.debug_line     0x00000000     0x9870
 .debug_line    0x00000000      0x3ff ./Generated_Code/Flash1.o
 .debug_line    0x000003ff      0x402 ./Generated_Code/clockMan1.o
 .debug_line    0x00000801      0x400 ./Generated_Code/pwrMan1.o
 .debug_line    0x00000c01       0x82 ./Project_Settings/Startup_Code/startup_S32K144.o
 .debug_line    0x00000c83      0x201 ./SDK/platform/devices/S32K144/startup/system_S32K144.o
 .debug_line    0x00000e84      0x177 ./SDK/platform/devices/startup.o
 .debug_line    0x00000ffb     0x1105 ./SDK/platform/drivers/src/clock/S32K1xx/clock_S32K1xx.o
 .debug_line    0x00002100      0x7c3 ./SDK/platform/drivers/src/flash/flash_driver.o
 .debug_line    0x000028c3      0x639 ./SDK/platform/drivers/src/power/S32K1xx/power_manager_S32K1xx.o
 .debug_line    0x00002efc      0x328 ./SDK/platform/drivers/src/power/S32K1xx/power_smc_hw_access.o
 .debug_line    0x00003224      0x364 ./SDK/platform/drivers/src/power/power_manager.o
 .debug_line    0x00003588      0x362 ./SDK/rtos/FreeRTOS_S32K/Source/list.o
 .debug_line    0x000038ea      0x94c ./SDK/rtos/FreeRTOS_S32K/Source/queue.o
 .debug_line    0x00004236      0xed3 ./SDK/rtos/FreeRTOS_S32K/Source/tasks.o
 .debug_line    0x00005109      0x5be ./SDK/rtos/FreeRTOS_S32K/Source/timers.o
 .debug_line    0x000056c7      0x409 ./SDK/rtos/FreeRTOS_S32K/Source/portable/GCC/ARM_CM4F/port.o
 .debug_line    0x00005ad0      0x3fd ./SDK/rtos/FreeRTOS_S32K/Source/portable/MemMang/heap_4.o
 .debug_line    0x00005ecd      0x636 ./Sources/HardwareLib/FlashWriteRead.o
 .debug_line    0x00006503      0x5f2 ./Sources/HardwareLib/LPTMR.o
 .debug_line    0x00006af5      0x70a ./Sources/HardwareLib/LPUART.o
 .debug_line    0x000071ff      0x5d8 ./Sources/HardwareLib/LP_IT_timer.o
 .debug_line    0x000077d7       0x52 ./Sources/HardwareLib/OLED_FONT.o
 .debug_line    0x00007829      0x65c ./Sources/HardwareLib/PowerSwitch.o
 .debug_line    0x00007e85      0x62f ./Sources/HardwareLib/RGB_LED.o
 .debug_line    0x000084b4      0x44a ./Sources/HardwareLib/SPI_OLED.o
 .debug_line    0x000088fe      0x252 ./Sources/HardwareLib/latency.o
 .debug_line    0x00008b50      0x749 ./Sources/RTOS_Task.o
 .debug_line    0x00009299      0x5d7 ./Sources/main.o

.debug_str      0x00000000     0x806b
 .debug_str     0x00000000     0x2272 ./Generated_Code/Flash1.o
                               0x2317 (size before relaxing)
 .debug_str     0x00002272      0x4b6 ./Generated_Code/clockMan1.o
                               0x27b2 (size before relaxing)
 .debug_str     0x00002728       0x1c ./Generated_Code/pwrMan1.o
                               0x2318 (size before relaxing)
 .debug_str     0x00002744       0x3f ./Project_Settings/Startup_Code/startup_S32K144.o
                                 0x7a (size before relaxing)
 .debug_str     0x00002783      0x1f8 ./SDK/platform/devices/S32K144/startup/system_S32K144.o
                                0x434 (size before relaxing)
 .debug_str     0x0000297b      0x20c ./SDK/platform/devices/startup.o
                                0x423 (size before relaxing)
 .debug_str     0x00002b87     0x153c ./SDK/platform/drivers/src/clock/S32K1xx/clock_S32K1xx.o
                               0x3933 (size before relaxing)
 .debug_str     0x000040c3      0xce0 ./SDK/platform/drivers/src/flash/flash_driver.o
                               0x18da (size before relaxing)
 .debug_str     0x00004da3      0x525 ./SDK/platform/drivers/src/power/S32K1xx/power_manager_S32K1xx.o
                               0x1971 (size before relaxing)
 .debug_str     0x000052c8      0x144 ./SDK/platform/drivers/src/power/S32K1xx/power_smc_hw_access.o
                                0xef0 (size before relaxing)
 .debug_str     0x0000540c      0x1ca ./SDK/platform/drivers/src/power/power_manager.o
                               0x1048 (size before relaxing)
 .debug_str     0x000055d6      0x53a ./SDK/rtos/FreeRTOS_S32K/Source/list.o
                                0x799 (size before relaxing)
 .debug_str     0x00005b10      0x7d3 ./SDK/rtos/FreeRTOS_S32K/Source/queue.o
                                0xf2b (size before relaxing)
 .debug_str     0x000062e3      0xc93 ./SDK/rtos/FreeRTOS_S32K/Source/tasks.o
                               0x1709 (size before relaxing)
 .debug_str     0x00006f76      0x510 ./SDK/rtos/FreeRTOS_S32K/Source/timers.o
                                0xe03 (size before relaxing)
 .debug_str     0x00007486      0x186 ./SDK/rtos/FreeRTOS_S32K/Source/portable/GCC/ARM_CM4F/port.o
                                0x4e9 (size before relaxing)
 .debug_str     0x0000760c      0x1ce ./SDK/rtos/FreeRTOS_S32K/Source/portable/MemMang/heap_4.o
                                0x882 (size before relaxing)
 .debug_str     0x000077da       0xeb ./Sources/HardwareLib/FlashWriteRead.o
                               0x28bd (size before relaxing)
 .debug_str     0x000078c5      0x11b ./Sources/HardwareLib/LPTMR.o
                               0x2ecb (size before relaxing)
 .debug_str     0x000079e0      0x13e ./Sources/HardwareLib/LPUART.o
                               0x2ffd (size before relaxing)
 .debug_str     0x00007b1e       0x86 ./Sources/HardwareLib/LP_IT_timer.o
                               0x2e77 (size before relaxing)
 .debug_str     0x00007ba4       0x53 ./Sources/HardwareLib/OLED_FONT.o
                                0x244 (size before relaxing)
 .debug_str     0x00007bf7       0xc9 ./Sources/HardwareLib/PowerSwitch.o
                               0x290f (size before relaxing)
 .debug_str     0x00007cc0       0x79 ./Sources/HardwareLib/RGB_LED.o
                               0x2ed2 (size before relaxing)
 .debug_str     0x00007d39      0x1dc ./Sources/HardwareLib/SPI_OLED.o
                                0x507 (size before relaxing)
 .debug_str     0x00007f15       0x86 ./Sources/HardwareLib/latency.o
                                0x2ae (size before relaxing)
 .debug_str     0x00007f9b       0xaf ./Sources/RTOS_Task.o
                               0x2a4a (size before relaxing)
 .debug_str     0x0000804a       0x21 ./Sources/main.o
                               0x27b8 (size before relaxing)

.comment        0x00000000       0xa0
 .comment       0x00000000       0xa0 ./Generated_Code/Flash1.o
                                 0xa1 (size before relaxing)
 .comment       0x000000a0       0xa1 ./Generated_Code/clockMan1.o
 .comment       0x000000a0       0xa1 ./Generated_Code/pwrMan1.o
 .comment       0x000000a0       0xa1 ./SDK/platform/devices/S32K144/startup/system_S32K144.o
 .comment       0x000000a0       0xa1 ./SDK/platform/devices/startup.o
 .comment       0x000000a0       0xa1 ./SDK/platform/drivers/src/clock/S32K1xx/clock_S32K1xx.o
 .comment       0x000000a0       0xa1 ./SDK/platform/drivers/src/flash/flash_driver.o
 .comment       0x000000a0       0xa1 ./SDK/platform/drivers/src/power/S32K1xx/power_manager_S32K1xx.o
 .comment       0x000000a0       0xa1 ./SDK/platform/drivers/src/power/S32K1xx/power_smc_hw_access.o
 .comment       0x000000a0       0xa1 ./SDK/platform/drivers/src/power/power_manager.o
 .comment       0x000000a0       0xa1 ./SDK/rtos/FreeRTOS_S32K/Source/list.o
 .comment       0x000000a0       0xa1 ./SDK/rtos/FreeRTOS_S32K/Source/queue.o
 .comment       0x000000a0       0xa1 ./SDK/rtos/FreeRTOS_S32K/Source/tasks.o
 .comment       0x000000a0       0xa1 ./SDK/rtos/FreeRTOS_S32K/Source/timers.o
 .comment       0x000000a0       0xa1 ./SDK/rtos/FreeRTOS_S32K/Source/portable/GCC/ARM_CM4F/port.o
 .comment       0x000000a0       0xa1 ./SDK/rtos/FreeRTOS_S32K/Source/portable/MemMang/heap_4.o
 .comment       0x000000a0       0xa1 ./Sources/HardwareLib/FlashWriteRead.o
 .comment       0x000000a0       0xa1 ./Sources/HardwareLib/LPTMR.o
 .comment       0x000000a0       0xa1 ./Sources/HardwareLib/LPUART.o
 .comment       0x000000a0       0xa1 ./Sources/HardwareLib/LP_IT_timer.o
 .comment       0x000000a0       0xa1 ./Sources/HardwareLib/OLED_FONT.o
 .comment       0x000000a0       0xa1 ./Sources/HardwareLib/PowerSwitch.o
 .comment       0x000000a0       0xa1 ./Sources/HardwareLib/RGB_LED.o
 .comment       0x000000a0       0xa1 ./Sources/HardwareLib/SPI_OLED.o
 .comment       0x000000a0       0xa1 ./Sources/HardwareLib/latency.o
 .comment       0x000000a0       0xa1 ./Sources/RTOS_Task.o
 .comment       0x000000a0       0xa1 ./Sources/main.o

.debug_loc      0x00000000     0xd7fe
 .debug_loc     0x00000000       0xeb ./SDK/platform/devices/S32K144/startup/system_S32K144.o
 .debug_loc     0x000000eb       0xec ./SDK/platform/devices/startup.o
 .debug_loc     0x000001d7     0x4e0b ./SDK/platform/drivers/src/clock/S32K1xx/clock_S32K1xx.o
 .debug_loc     0x00004fe2     0x1e38 ./SDK/platform/drivers/src/flash/flash_driver.o
 .debug_loc     0x00006e1a      0x7f6 ./SDK/platform/drivers/src/power/S32K1xx/power_manager_S32K1xx.o
 .debug_loc     0x00007610      0x51d ./SDK/platform/drivers/src/power/S32K1xx/power_smc_hw_access.o
 .debug_loc     0x00007b2d      0x3da ./SDK/platform/drivers/src/power/power_manager.o
 .debug_loc     0x00007f07       0x65 ./SDK/rtos/FreeRTOS_S32K/Source/list.o
 .debug_loc     0x00007f6c     0x1325 ./SDK/rtos/FreeRTOS_S32K/Source/queue.o
 .debug_loc     0x00009291     0x2299 ./SDK/rtos/FreeRTOS_S32K/Source/tasks.o
 .debug_loc     0x0000b52a      0xab9 ./SDK/rtos/FreeRTOS_S32K/Source/timers.o
 .debug_loc     0x0000bfe3       0xdc ./SDK/rtos/FreeRTOS_S32K/Source/portable/GCC/ARM_CM4F/port.o
 .debug_loc     0x0000c0bf      0x3a6 ./SDK/rtos/FreeRTOS_S32K/Source/portable/MemMang/heap_4.o
 .debug_loc     0x0000c465      0x2bb ./Sources/HardwareLib/FlashWriteRead.o
 .debug_loc     0x0000c720       0xd7 ./Sources/HardwareLib/LPTMR.o
 .debug_loc     0x0000c7f7      0x210 ./Sources/HardwareLib/LPUART.o
 .debug_loc     0x0000ca07       0x7f ./Sources/HardwareLib/LP_IT_timer.o
 .debug_loc     0x0000ca86      0x110 ./Sources/HardwareLib/PowerSwitch.o
 .debug_loc     0x0000cb96      0x114 ./Sources/HardwareLib/RGB_LED.o
 .debug_loc     0x0000ccaa      0x9a6 ./Sources/HardwareLib/SPI_OLED.o
 .debug_loc     0x0000d650      0x161 ./Sources/HardwareLib/latency.o
 .debug_loc     0x0000d7b1       0x4d ./Sources/RTOS_Task.o

.debug_ranges   0x00000000     0x10d8
 .debug_ranges  0x00000000       0x20 ./SDK/platform/devices/S32K144/startup/system_S32K144.o
 .debug_ranges  0x00000020       0x10 ./SDK/platform/devices/startup.o
 .debug_ranges  0x00000030      0x388 ./SDK/platform/drivers/src/clock/S32K1xx/clock_S32K1xx.o
 .debug_ranges  0x000003b8      0x190 ./SDK/platform/drivers/src/flash/flash_driver.o
 .debug_ranges  0x00000548      0x178 ./SDK/platform/drivers/src/power/S32K1xx/power_manager_S32K1xx.o
 .debug_ranges  0x000006c0       0x40 ./SDK/platform/drivers/src/power/S32K1xx/power_smc_hw_access.o
 .debug_ranges  0x00000700       0x70 ./SDK/platform/drivers/src/power/power_manager.o
 .debug_ranges  0x00000770       0x30 ./SDK/rtos/FreeRTOS_S32K/Source/list.o
 .debug_ranges  0x000007a0      0x260 ./SDK/rtos/FreeRTOS_S32K/Source/queue.o
 .debug_ranges  0x00000a00      0x2c0 ./SDK/rtos/FreeRTOS_S32K/Source/tasks.o
 .debug_ranges  0x00000cc0       0xe8 ./SDK/rtos/FreeRTOS_S32K/Source/timers.o
 .debug_ranges  0x00000da8       0x70 ./SDK/rtos/FreeRTOS_S32K/Source/portable/GCC/ARM_CM4F/port.o
 .debug_ranges  0x00000e18       0x38 ./SDK/rtos/FreeRTOS_S32K/Source/portable/MemMang/heap_4.o
 .debug_ranges  0x00000e50       0x30 ./Sources/HardwareLib/FlashWriteRead.o
 .debug_ranges  0x00000e80       0x28 ./Sources/HardwareLib/LPTMR.o
 .debug_ranges  0x00000ea8       0x40 ./Sources/HardwareLib/LPUART.o
 .debug_ranges  0x00000ee8       0x20 ./Sources/HardwareLib/LP_IT_timer.o
 .debug_ranges  0x00000f08       0x30 ./Sources/HardwareLib/PowerSwitch.o
 .debug_ranges  0x00000f38       0x40 ./Sources/HardwareLib/RGB_LED.o
 .debug_ranges  0x00000f78       0xe8 ./Sources/HardwareLib/SPI_OLED.o
 .debug_ranges  0x00001060       0x30 ./Sources/HardwareLib/latency.o
 .debug_ranges  0x00001090       0x38 ./Sources/RTOS_Task.o
 .debug_ranges  0x000010c8       0x10 ./Sources/main.o

.debug_frame    0x00000000     0x2168
 .debug_frame   0x00000000       0x40 ./SDK/platform/devices/S32K144/startup/system_S32K144.o
 .debug_frame   0x00000040       0x2c ./SDK/platform/devices/startup.o
 .debug_frame   0x0000006c      0x37c ./SDK/platform/drivers/src/clock/S32K1xx/clock_S32K1xx.o
 .debug_frame   0x000003e8      0x39c ./SDK/platform/drivers/src/flash/flash_driver.o
 .debug_frame   0x00000784       0xc4 ./SDK/platform/drivers/src/power/S32K1xx/power_manager_S32K1xx.o
 .debug_frame   0x00000848       0x58 ./SDK/platform/drivers/src/power/S32K1xx/power_smc_hw_access.o
 .debug_frame   0x000008a0       0xe0 ./SDK/platform/drivers/src/power/power_manager.o
 .debug_frame   0x00000980       0x6c ./SDK/rtos/FreeRTOS_S32K/Source/list.o
 .debug_frame   0x000009ec      0x36c ./SDK/rtos/FreeRTOS_S32K/Source/queue.o
 .debug_frame   0x00000d58      0x65c ./SDK/rtos/FreeRTOS_S32K/Source/tasks.o
 .debug_frame   0x000013b4      0x1f0 ./SDK/rtos/FreeRTOS_S32K/Source/timers.o
 .debug_frame   0x000015a4      0x100 ./SDK/rtos/FreeRTOS_S32K/Source/portable/GCC/ARM_CM4F/port.o
 .debug_frame   0x000016a4       0x98 ./SDK/rtos/FreeRTOS_S32K/Source/portable/MemMang/heap_4.o
 .debug_frame   0x0000173c       0x98 ./Sources/HardwareLib/FlashWriteRead.o
 .debug_frame   0x000017d4       0x60 ./Sources/HardwareLib/LPTMR.o
 .debug_frame   0x00001834       0xd0 ./Sources/HardwareLib/LPUART.o
 .debug_frame   0x00001904       0x40 ./Sources/HardwareLib/LP_IT_timer.o
 .debug_frame   0x00001944       0x98 ./Sources/HardwareLib/PowerSwitch.o
 .debug_frame   0x000019dc       0x80 ./Sources/HardwareLib/RGB_LED.o
 .debug_frame   0x00001a5c      0x274 ./Sources/HardwareLib/SPI_OLED.o
 .debug_frame   0x00001cd0       0x80 ./Sources/HardwareLib/latency.o
 .debug_frame   0x00001d50       0xb8 ./Sources/RTOS_Task.o
 .debug_frame   0x00001e08       0x28 ./Sources/main.o
 .debug_frame   0x00001e30       0x28 E:/NXP/S32DS_ARM_v2.2/S32DS/build_tools/gcc_v6.3/gcc-6.3-arm32-eabi/arm-none-eabi/newlib/lib/thumb/v7e-m/fpv4-sp/hard\libc_nano.a(lib_a-memcpy-stub.o)
 .debug_frame   0x00001e58       0x20 E:/NXP/S32DS_ARM_v2.2/S32DS/build_tools/gcc_v6.3/gcc-6.3-arm32-eabi/arm-none-eabi/newlib/lib/thumb/v7e-m/fpv4-sp/hard\libc_nano.a(lib_a-memset.o)
 .debug_frame   0x00001e78       0x40 E:/NXP/S32DS_ARM_v2.2/S32DS/build_tools/gcc_v6.3/gcc-6.3-arm32-eabi/arm-none-eabi/newlib/lib/thumb/v7e-m/fpv4-sp/hard\libc_nano.a(lib_a-vsprintf.o)
 .debug_frame   0x00001eb8       0x90 E:/NXP/S32DS_ARM_v2.2/S32DS/build_tools/gcc_v6.3/gcc-6.3-arm32-eabi/arm-none-eabi/newlib/lib/thumb/v7e-m/fpv4-sp/hard\libc_nano.a(lib_a-nano-svfprintf.o)
 .debug_frame   0x00001f48       0x60 E:/NXP/S32DS_ARM_v2.2/S32DS/build_tools/gcc_v6.3/gcc-6.3-arm32-eabi/arm-none-eabi/newlib/lib/thumb/v7e-m/fpv4-sp/hard\libc_nano.a(lib_a-nano-vfprintf_i.o)
 .debug_frame   0x00001fa8       0x28 E:/NXP/S32DS_ARM_v2.2/S32DS/build_tools/gcc_v6.3/gcc-6.3-arm32-eabi/arm-none-eabi/newlib/lib/thumb/v7e-m/fpv4-sp/hard\libc_nano.a(lib_a-memmove.o)
 .debug_frame   0x00001fd0       0x38 E:/NXP/S32DS_ARM_v2.2/S32DS/build_tools/gcc_v6.3/gcc-6.3-arm32-eabi/arm-none-eabi/newlib/lib/thumb/v7e-m/fpv4-sp/hard\libc_nano.a(lib_a-nano-freer.o)
 .debug_frame   0x00002008       0x2c E:/NXP/S32DS_ARM_v2.2/S32DS/build_tools/gcc_v6.3/gcc-6.3-arm32-eabi/arm-none-eabi/newlib/lib/thumb/v7e-m/fpv4-sp/hard\libc_nano.a(lib_a-nano-mallocr.o)
 .debug_frame   0x00002034       0x3c E:/NXP/S32DS_ARM_v2.2/S32DS/build_tools/gcc_v6.3/gcc-6.3-arm32-eabi/arm-none-eabi/newlib/lib/thumb/v7e-m/fpv4-sp/hard\libc_nano.a(lib_a-nano-reallocr.o)
 .debug_frame   0x00002070       0x2c E:/NXP/S32DS_ARM_v2.2/S32DS/build_tools/gcc_v6.3/gcc-6.3-arm32-eabi/arm-none-eabi/newlib/lib/thumb/v7e-m/fpv4-sp/hard\libc_nano.a(lib_a-sbrkr.o)
 .debug_frame   0x0000209c       0x30 E:/NXP/S32DS_ARM_v2.2/S32DS/build_tools/gcc_v6.3/gcc-6.3-arm32-eabi/arm-none-eabi/newlib/lib/thumb/v7e-m/fpv4-sp/hard\libc_nano.a(lib_a-mlock.o)
 .debug_frame   0x000020cc       0x20 E:/NXP/S32DS_ARM_v2.2/S32DS/build_tools/gcc_v6.3/gcc-6.3-arm32-eabi/arm-none-eabi/newlib/lib/thumb/v7e-m/fpv4-sp/hard\libc_nano.a(lib_a-nano-msizer.o)
 .debug_frame   0x000020ec       0x5c E:/NXP/S32DS_ARM_v2.2/S32DS/build_tools/gcc_v6.3/gcc-6.3-arm32-eabi/arm-none-eabi/newlib/lib/thumb/v7e-m/fpv4-sp/hard\libc_nano.a(lib_a-reent.o)
 .debug_frame   0x00002148       0x20 E:/NXP/S32DS_ARM_v2.2/S32DS/build_tools/gcc_v6.3/gcc-6.3-arm32-eabi/arm-none-eabi/newlib/lib/thumb/v7e-m/fpv4-sp/hard\libnosys.a(sbrk.o)
